Archive member included to satisfy reference by file (symbol)

/home/alex/opt/gcc-arm-none-eabi-8-2018-q4-major/bin/../lib/gcc/arm-none-eabi/8.2.1/../../../../arm-none-eabi/lib/thumb/v7e-m+fp/hard/libc_nano.a(lib_a-exit.o)
                              /home/alex/opt/gcc-arm-none-eabi-8-2018-q4-major/bin/../lib/gcc/arm-none-eabi/8.2.1/../../../../arm-none-eabi/lib/thumb/v7e-m+fp/hard/crt0.o (exit)
/home/alex/opt/gcc-arm-none-eabi-8-2018-q4-major/bin/../lib/gcc/arm-none-eabi/8.2.1/../../../../arm-none-eabi/lib/thumb/v7e-m+fp/hard/libc_nano.a(lib_a-impure.o)
                              /home/alex/opt/gcc-arm-none-eabi-8-2018-q4-major/bin/../lib/gcc/arm-none-eabi/8.2.1/../../../../arm-none-eabi/lib/thumb/v7e-m+fp/hard/libc_nano.a(lib_a-exit.o) (_global_impure_ptr)
/home/alex/opt/gcc-arm-none-eabi-8-2018-q4-major/bin/../lib/gcc/arm-none-eabi/8.2.1/../../../../arm-none-eabi/lib/thumb/v7e-m+fp/hard/libc_nano.a(lib_a-init.o)
                              /home/alex/opt/gcc-arm-none-eabi-8-2018-q4-major/bin/../lib/gcc/arm-none-eabi/8.2.1/../../../../arm-none-eabi/lib/thumb/v7e-m+fp/hard/crt0.o (__libc_init_array)
/home/alex/opt/gcc-arm-none-eabi-8-2018-q4-major/bin/../lib/gcc/arm-none-eabi/8.2.1/../../../../arm-none-eabi/lib/thumb/v7e-m+fp/hard/libc_nano.a(lib_a-memset.o)
                              /home/alex/opt/gcc-arm-none-eabi-8-2018-q4-major/bin/../lib/gcc/arm-none-eabi/8.2.1/../../../../arm-none-eabi/lib/thumb/v7e-m+fp/hard/crt0.o (memset)
/home/alex/opt/gcc-arm-none-eabi-8-2018-q4-major/bin/../lib/gcc/arm-none-eabi/8.2.1/../../../../arm-none-eabi/lib/thumb/v7e-m+fp/hard/libnosys.a(_exit.o)
                              /home/alex/opt/gcc-arm-none-eabi-8-2018-q4-major/bin/../lib/gcc/arm-none-eabi/8.2.1/../../../../arm-none-eabi/lib/thumb/v7e-m+fp/hard/libc_nano.a(lib_a-exit.o) (_exit)
/home/alex/opt/gcc-arm-none-eabi-8-2018-q4-major/bin/../lib/gcc/arm-none-eabi/8.2.1/thumb/v7e-m+fp/hard/libgcc.a(_aeabi_uldivmod.o)
                              build/stm32g4xx_hal_uart.o (__aeabi_uldivmod)
/home/alex/opt/gcc-arm-none-eabi-8-2018-q4-major/bin/../lib/gcc/arm-none-eabi/8.2.1/thumb/v7e-m+fp/hard/libgcc.a(_udivmoddi4.o)
                              /home/alex/opt/gcc-arm-none-eabi-8-2018-q4-major/bin/../lib/gcc/arm-none-eabi/8.2.1/thumb/v7e-m+fp/hard/libgcc.a(_aeabi_uldivmod.o) (__udivmoddi4)
/home/alex/opt/gcc-arm-none-eabi-8-2018-q4-major/bin/../lib/gcc/arm-none-eabi/8.2.1/thumb/v7e-m+fp/hard/libgcc.a(_dvmd_tls.o)
                              /home/alex/opt/gcc-arm-none-eabi-8-2018-q4-major/bin/../lib/gcc/arm-none-eabi/8.2.1/thumb/v7e-m+fp/hard/libgcc.a(_aeabi_uldivmod.o) (__aeabi_ldiv0)

Allocating common symbols
Common symbol       size              file

hdac1               0x14              build/dac.o
uwTick              0x4               build/stm32g4xx_hal.o
hadc1               0x6c              build/adc.o
huart1              0x8c              build/usart.o
hdma_adc1           0x60              build/adc.o
htim6               0x40              build/tim.o

Discarded input sections

 .text          0x0000000000000000        0x0 /home/alex/opt/gcc-arm-none-eabi-8-2018-q4-major/bin/../lib/gcc/arm-none-eabi/8.2.1/thumb/v7e-m+fp/hard/crti.o
 .data          0x0000000000000000        0x0 /home/alex/opt/gcc-arm-none-eabi-8-2018-q4-major/bin/../lib/gcc/arm-none-eabi/8.2.1/thumb/v7e-m+fp/hard/crti.o
 .bss           0x0000000000000000        0x0 /home/alex/opt/gcc-arm-none-eabi-8-2018-q4-major/bin/../lib/gcc/arm-none-eabi/8.2.1/thumb/v7e-m+fp/hard/crti.o
 .data          0x0000000000000000        0x4 /home/alex/opt/gcc-arm-none-eabi-8-2018-q4-major/bin/../lib/gcc/arm-none-eabi/8.2.1/thumb/v7e-m+fp/hard/crtbegin.o
 .text          0x0000000000000000       0x74 /home/alex/opt/gcc-arm-none-eabi-8-2018-q4-major/bin/../lib/gcc/arm-none-eabi/8.2.1/../../../../arm-none-eabi/lib/thumb/v7e-m+fp/hard/crt0.o
 .data          0x0000000000000000        0x0 /home/alex/opt/gcc-arm-none-eabi-8-2018-q4-major/bin/../lib/gcc/arm-none-eabi/8.2.1/../../../../arm-none-eabi/lib/thumb/v7e-m+fp/hard/crt0.o
 .bss           0x0000000000000000        0x0 /home/alex/opt/gcc-arm-none-eabi-8-2018-q4-major/bin/../lib/gcc/arm-none-eabi/8.2.1/../../../../arm-none-eabi/lib/thumb/v7e-m+fp/hard/crt0.o
 .ARM.extab     0x0000000000000000        0x0 /home/alex/opt/gcc-arm-none-eabi-8-2018-q4-major/bin/../lib/gcc/arm-none-eabi/8.2.1/../../../../arm-none-eabi/lib/thumb/v7e-m+fp/hard/crt0.o
 .ARM.exidx     0x0000000000000000        0x8 /home/alex/opt/gcc-arm-none-eabi-8-2018-q4-major/bin/../lib/gcc/arm-none-eabi/8.2.1/../../../../arm-none-eabi/lib/thumb/v7e-m+fp/hard/crt0.o
 .ARM.attributes
                0x0000000000000000       0x1c /home/alex/opt/gcc-arm-none-eabi-8-2018-q4-major/bin/../lib/gcc/arm-none-eabi/8.2.1/../../../../arm-none-eabi/lib/thumb/v7e-m+fp/hard/crt0.o
 .text          0x0000000000000000        0x0 build/main.o
 .data          0x0000000000000000        0x0 build/main.o
 .bss           0x0000000000000000        0x0 build/main.o
[...]
Memory Configuration

Name             Origin             Length             Attributes
RAM              0x0000000020000000 0x0000000000020000 xrw
FLASH            0x0000000008000000 0x0000000000080000 xr
*default*        0x0000000000000000 0xffffffffffffffff

Linker script and memory map

LOAD /home/alex/opt/gcc-arm-none-eabi-8-2018-q4-major/bin/../lib/gcc/arm-none-eabi/8.2.1/thumb/v7e-m+fp/hard/crti.o
LOAD /home/alex/opt/gcc-arm-none-eabi-8-2018-q4-major/bin/../lib/gcc/arm-none-eabi/8.2.1/thumb/v7e-m+fp/hard/crtbegin.o
LOAD /home/alex/opt/gcc-arm-none-eabi-8-2018-q4-major/bin/../lib/gcc/arm-none-eabi/8.2.1/../../../../arm-none-eabi/lib/thumb/v7e-m+fp/hard/crt0.o
LOAD build/main.o
LOAD build/gpio.o
LOAD build/adc.o
LOAD build/dac.o
LOAD build/dma.o
LOAD build/tim.o
LOAD build/usart.o
LOAD build/stm32g4xx_it.o
LOAD build/stm32g4xx_hal_msp.o
LOAD build/stm32g4xx_hal_gpio.o
LOAD build/stm32g4xx_hal_adc.o
LOAD build/stm32g4xx_hal_adc_ex.o
LOAD build/stm32g4xx_ll_adc.o
LOAD build/stm32g4xx_hal_dac.o
LOAD build/stm32g4xx_hal_dac_ex.o
LOAD build/stm32g4xx_hal_tim.o
LOAD build/stm32g4xx_hal_tim_ex.o
LOAD build/stm32g4xx_ll_pwr.o
LOAD build/stm32g4xx_hal_uart.o
LOAD build/stm32g4xx_hal_uart_ex.o
LOAD build/stm32g4xx_hal.o
LOAD build/stm32g4xx_hal_rcc.o
LOAD build/stm32g4xx_hal_rcc_ex.o
LOAD build/stm32g4xx_hal_flash.o
LOAD build/stm32g4xx_hal_flash_ex.o
LOAD build/stm32g4xx_hal_flash_ramfunc.o
LOAD build/stm32g4xx_hal_exti.o
LOAD build/stm32g4xx_hal_dma.o
LOAD build/stm32g4xx_hal_dma_ex.o
LOAD build/stm32g4xx_hal_pwr.o
LOAD build/stm32g4xx_hal_pwr_ex.o
LOAD build/stm32g4xx_hal_cortex.o
LOAD build/system_stm32g4xx.o
LOAD build/startup_stm32g474xx.o
LOAD /home/alex/opt/gcc-arm-none-eabi-8-2018-q4-major/bin/../lib/gcc/arm-none-eabi/8.2.1/../../../../arm-none-eabi/lib/thumb/v7e-m+fp/hard/libc_nano.a
LOAD /home/alex/opt/gcc-arm-none-eabi-8-2018-q4-major/bin/../lib/gcc/arm-none-eabi/8.2.1/../../../../arm-none-eabi/lib/thumb/v7e-m+fp/hard/libm.a
LOAD /home/alex/opt/gcc-arm-none-eabi-8-2018-q4-major/bin/../lib/gcc/arm-none-eabi/8.2.1/../../../../arm-none-eabi/lib/thumb/v7e-m+fp/hard/libnosys.a
START GROUP
LOAD /home/alex/opt/gcc-arm-none-eabi-8-2018-q4-major/bin/../lib/gcc/arm-none-eabi/8.2.1/thumb/v7e-m+fp/hard/libgcc.a
LOAD /home/alex/opt/gcc-arm-none-eabi-8-2018-q4-major/bin/../lib/gcc/arm-none-eabi/8.2.1/../../../../arm-none-eabi/lib/thumb/v7e-m+fp/hard/libc_nano.a
END GROUP
START GROUP
LOAD /home/alex/opt/gcc-arm-none-eabi-8-2018-q4-major/bin/../lib/gcc/arm-none-eabi/8.2.1/thumb/v7e-m+fp/hard/libgcc.a
LOAD /home/alex/opt/gcc-arm-none-eabi-8-2018-q4-major/bin/../lib/gcc/arm-none-eabi/8.2.1/../../../../arm-none-eabi/lib/thumb/v7e-m+fp/hard/libc_nano.a
END GROUP
LOAD /home/alex/opt/gcc-arm-none-eabi-8-2018-q4-major/bin/../lib/gcc/arm-none-eabi/8.2.1/thumb/v7e-m+fp/hard/crtend.o
LOAD /home/alex/opt/gcc-arm-none-eabi-8-2018-q4-major/bin/../lib/gcc/arm-none-eabi/8.2.1/thumb/v7e-m+fp/hard/crtn.o
                0x0000000020020000                _estack = 0x20020000
                0x0000000000000200                _Min_Heap_Size = 0x200
                0x0000000000000400                _Min_Stack_Size = 0x400

.isr_vector     0x0000000008000000      0x1d8
                0x0000000008000000                . = ALIGN (0x4)
 *(.isr_vector)
 .isr_vector    0x0000000008000000      0x1d8 build/startup_stm32g474xx.o
                0x0000000008000000                g_pfnVectors
                0x00000000080001d8                . = ALIGN (0x4)

.text           0x00000000080001d8     0x3988
                0x00000000080001d8                . = ALIGN (0x4)
 *(.text)
 .text          0x00000000080001d8       0x40 /home/alex/opt/gcc-arm-none-eabi-8-2018-q4-major/bin/../lib/gcc/arm-none-eabi/8.2.1/thumb/v7e-m+fp/hard/crtbegin.o
 .text          0x0000000008000218       0x30 /home/alex/opt/gcc-arm-none-eabi-8-2018-q4-major/bin/../lib/gcc/arm-none-eabi/8.2.1/thumb/v7e-m+fp/hard/libgcc.a(_aeabi_uldivmod.o)
                0x0000000008000218                __aeabi_uldivmod
 .text          0x0000000008000248      0x2d0 /home/alex/opt/gcc-arm-none-eabi-8-2018-q4-major/bin/../lib/gcc/arm-none-eabi/8.2.1/thumb/v7e-m+fp/hard/libgcc.a(_udivmoddi4.o)
                0x0000000008000248                __udivmoddi4
 .text          0x0000000008000518        0x4 /home/alex/opt/gcc-arm-none-eabi-8-2018-q4-major/bin/../lib/gcc/arm-none-eabi/8.2.1/thumb/v7e-m+fp/hard/libgcc.a(_dvmd_tls.o)
                0x0000000008000518                __aeabi_ldiv0
                0x0000000008000518                __aeabi_idiv0
 *(.text*)
 .text.SystemClock_Config
                0x000000000800051c       0x7c build/main.o
                0x000000000800051c                SystemClock_Config
 .text.main     0x0000000008000598       0x24 build/main.o
                0x0000000008000598                main
 .text.Error_Handler
                0x00000000080005bc        0x2 build/main.o
                0x00000000080005bc                Error_Handler
 *fill*         0x00000000080005be        0x2 
 .text.MX_GPIO_Init
                0x00000000080005c0       0xb0 build/gpio.o
                0x00000000080005c0                MX_GPIO_Init
 .text.MX_ADC1_Init
                0x0000000008000670       0xc4 build/adc.o
                0x0000000008000670                MX_ADC1_Init
 .text.HAL_ADC_MspInit
                0x0000000008000734       0x9c build/adc.o
                0x0000000008000734                HAL_ADC_MspInit
 .text.MX_DAC1_Init
                0x00000000080007d0       0x5c build/dac.o
                0x00000000080007d0                MX_DAC1_Init
 .text.HAL_DAC_MspInit
                0x000000000800082c       0x64 build/dac.o
                0x000000000800082c                HAL_DAC_MspInit
 .text.MX_DMA_Init
                0x0000000008000890       0x44 build/dma.o
                0x0000000008000890                MX_DMA_Init
 .text.MX_TIM6_Init
                0x00000000080008d4       0x54 build/tim.o
                0x00000000080008d4                MX_TIM6_Init
 .text.HAL_TIM_Base_MspInit
                0x0000000008000928       0x2c build/tim.o
                0x0000000008000928                HAL_TIM_Base_MspInit
 .text.MX_USART1_UART_Init
                0x0000000008000954       0x68 build/usart.o
                0x0000000008000954                MX_USART1_UART_Init
 .text.HAL_UART_MspInit
                0x00000000080009bc       0x64 build/usart.o
                0x00000000080009bc                HAL_UART_MspInit
 .text.NMI_Handler
                0x0000000008000a20        0x2 build/stm32g4xx_it.o
                0x0000000008000a20                NMI_Handler
 .text.HardFault_Handler
                0x0000000008000a22        0x2 build/stm32g4xx_it.o
                0x0000000008000a22                HardFault_Handler
 .text.MemManage_Handler
                0x0000000008000a24        0x2 build/stm32g4xx_it.o
                0x0000000008000a24                MemManage_Handler
 .text.BusFault_Handler
                0x0000000008000a26        0x2 build/stm32g4xx_it.o
                0x0000000008000a26                BusFault_Handler
 .text.UsageFault_Handler
                0x0000000008000a28        0x2 build/stm32g4xx_it.o
                0x0000000008000a28                UsageFault_Handler
 .text.SVC_Handler
                0x0000000008000a2a        0x2 build/stm32g4xx_it.o
                0x0000000008000a2a                SVC_Handler
 .text.DebugMon_Handler
                0x0000000008000a2c        0x2 build/stm32g4xx_it.o
                0x0000000008000a2c                DebugMon_Handler
 .text.PendSV_Handler
                0x0000000008000a2e        0x2 build/stm32g4xx_it.o
                0x0000000008000a2e                PendSV_Handler
 .text.SysTick_Handler
                0x0000000008000a30        0x8 build/stm32g4xx_it.o
                0x0000000008000a30                SysTick_Handler
 .text.DMA1_Channel1_IRQHandler
                0x0000000008000a38       0x10 build/stm32g4xx_it.o
                0x0000000008000a38                DMA1_Channel1_IRQHandler
 .text.EXTI15_10_IRQHandler
                0x0000000008000a48        0xc build/stm32g4xx_it.o
                0x0000000008000a48                EXTI15_10_IRQHandler
 .text.HAL_MspInit
                0x0000000008000a54       0x40 build/stm32g4xx_hal_msp.o
                0x0000000008000a54                HAL_MspInit
 .text.HAL_GPIO_Init
                0x0000000008000a94      0x1a0 build/stm32g4xx_hal_gpio.o
                0x0000000008000a94                HAL_GPIO_Init
 .text.HAL_GPIO_WritePin
                0x0000000008000c34        0xa build/stm32g4xx_hal_gpio.o
                0x0000000008000c34                HAL_GPIO_WritePin
 .text.HAL_GPIO_EXTI_Callback
                0x0000000008000c3e        0x2 build/stm32g4xx_hal_gpio.o
                0x0000000008000c3e                HAL_GPIO_EXTI_Callback
 .text.HAL_GPIO_EXTI_IRQHandler
                0x0000000008000c40       0x1c build/stm32g4xx_hal_gpio.o
                0x0000000008000c40                HAL_GPIO_EXTI_IRQHandler
 .text.HAL_ADC_Init
                0x0000000008000c5c      0x2c8 build/stm32g4xx_hal_adc.o
                0x0000000008000c5c                HAL_ADC_Init
 .text.HAL_ADC_ConfigChannel
                0x0000000008000f24      0x4e4 build/stm32g4xx_hal_adc.o
                0x0000000008000f24                HAL_ADC_ConfigChannel
 .text.HAL_ADCEx_MultiModeConfigChannel
                0x0000000008001408      0x1f0 build/stm32g4xx_hal_adc_ex.o
                0x0000000008001408                HAL_ADCEx_MultiModeConfigChannel
 .text.HAL_DAC_Init
                0x00000000080015f8       0x24 build/stm32g4xx_hal_dac.o
                0x00000000080015f8                HAL_DAC_Init
 .text.HAL_DAC_ConfigChannel
                0x000000000800161c      0x1f8 build/stm32g4xx_hal_dac.o
                0x000000000800161c                HAL_DAC_ConfigChannel
 .text.TIM_Base_SetConfig
                0x0000000008001814       0xe0 build/stm32g4xx_hal_tim.o
                0x0000000008001814                TIM_Base_SetConfig
 .text.HAL_TIM_Base_Init
                0x00000000080018f4       0x34 build/stm32g4xx_hal_tim.o
                0x00000000080018f4                HAL_TIM_Base_Init
 .text.HAL_TIMEx_MasterConfigSynchronization
                0x0000000008001928       0x70 build/stm32g4xx_hal_tim_ex.o
                0x0000000008001928                HAL_TIMEx_MasterConfigSynchronization
 .text.UART_SetConfig
                0x0000000008001998      0xd60 build/stm32g4xx_hal_uart.o
                0x0000000008001998                UART_SetConfig
 .text.UART_AdvFeatureConfig
                0x00000000080026f8       0xca build/stm32g4xx_hal_uart.o
                0x00000000080026f8                UART_AdvFeatureConfig
 .text.UART_WaitOnFlagUntilTimeout
                0x00000000080027c2       0x64 build/stm32g4xx_hal_uart.o
                0x00000000080027c2                UART_WaitOnFlagUntilTimeout
 .text.UART_CheckIdleState
                0x0000000008002826       0x72 build/stm32g4xx_hal_uart.o
                0x0000000008002826                UART_CheckIdleState
 .text.HAL_UART_Init
                0x0000000008002898       0x66 build/stm32g4xx_hal_uart.o
                0x0000000008002898                HAL_UART_Init
 *fill*         0x00000000080028fe        0x2 
 .text.UARTEx_SetNbDataToProcess
                0x0000000008002900       0x74 build/stm32g4xx_hal_uart_ex.o
 .text.HAL_UARTEx_DisableFifoMode
                0x0000000008002974       0x3e build/stm32g4xx_hal_uart_ex.o
                0x0000000008002974                HAL_UARTEx_DisableFifoMode
 .text.HAL_UARTEx_SetTxFifoThreshold
                0x00000000080029b2       0x4a build/stm32g4xx_hal_uart_ex.o
                0x00000000080029b2                HAL_UARTEx_SetTxFifoThreshold
 .text.HAL_UARTEx_SetRxFifoThreshold
                0x00000000080029fc       0x4a build/stm32g4xx_hal_uart_ex.o
                0x00000000080029fc                HAL_UARTEx_SetRxFifoThreshold
 *fill*         0x0000000008002a46        0x2 
 .text.HAL_InitTick
                0x0000000008002a48       0x50 build/stm32g4xx_hal.o
                0x0000000008002a48                HAL_InitTick
 .text.HAL_Init
                0x0000000008002a98       0x1e build/stm32g4xx_hal.o
                0x0000000008002a98                HAL_Init
 *fill*         0x0000000008002ab6        0x2 
 .text.HAL_IncTick
                0x0000000008002ab8       0x18 build/stm32g4xx_hal.o
                0x0000000008002ab8                HAL_IncTick
 .text.HAL_GetTick
                0x0000000008002ad0        0xc build/stm32g4xx_hal.o
                0x0000000008002ad0                HAL_GetTick
 .text.HAL_Delay
                0x0000000008002adc       0x28 build/stm32g4xx_hal.o
                0x0000000008002adc                HAL_Delay
 .text.RCC_GetSysClockFreqFromPLLSource
                0x0000000008002b04       0x58 build/stm32g4xx_hal_rcc.o
 .text.HAL_RCC_OscConfig
                0x0000000008002b5c      0x4e8 build/stm32g4xx_hal_rcc.o
                0x0000000008002b5c                HAL_RCC_OscConfig
 .text.HAL_RCC_GetSysClockFreq
                0x0000000008003044       0x88 build/stm32g4xx_hal_rcc.o
                0x0000000008003044                HAL_RCC_GetSysClockFreq
 .text.HAL_RCC_ClockConfig
                0x00000000080030cc      0x1fc build/stm32g4xx_hal_rcc.o
                0x00000000080030cc                HAL_RCC_ClockConfig
 .text.HAL_RCC_GetHCLKFreq
                0x00000000080032c8        0xc build/stm32g4xx_hal_rcc.o
                0x00000000080032c8                HAL_RCC_GetHCLKFreq
 .text.HAL_RCC_GetPCLK1Freq
                0x00000000080032d4       0x24 build/stm32g4xx_hal_rcc.o
                0x00000000080032d4                HAL_RCC_GetPCLK1Freq
 .text.HAL_RCC_GetPCLK2Freq
                0x00000000080032f8       0x24 build/stm32g4xx_hal_rcc.o
                0x00000000080032f8                HAL_RCC_GetPCLK2Freq
 .text.HAL_RCCEx_PeriphCLKConfig
                0x000000000800331c      0x378 build/stm32g4xx_hal_rcc_ex.o
                0x000000000800331c                HAL_RCCEx_PeriphCLKConfig
 .text.DMA_CalcDMAMUXChannelBaseAndMask
                0x0000000008003694       0x48 build/stm32g4xx_hal_dma.o
 .text.DMA_CalcDMAMUXRequestGenBaseAndMask
                0x00000000080036dc       0x28 build/stm32g4xx_hal_dma.o
 .text.HAL_DMA_Init
                0x0000000008003704       0xd8 build/stm32g4xx_hal_dma.o
                0x0000000008003704                HAL_DMA_Init
 .text.HAL_DMA_IRQHandler
                0x00000000080037dc       0xc4 build/stm32g4xx_hal_dma.o
                0x00000000080037dc                HAL_DMA_IRQHandler
 .text.HAL_PWREx_ControlVoltageScaling
                0x00000000080038a0      0x10c build/stm32g4xx_hal_pwr_ex.o
                0x00000000080038a0                HAL_PWREx_ControlVoltageScaling
 .text.HAL_NVIC_SetPriorityGrouping
                0x00000000080039ac       0x24 build/stm32g4xx_hal_cortex.o
                0x00000000080039ac                HAL_NVIC_SetPriorityGrouping
 .text.HAL_NVIC_SetPriority
                0x00000000080039d0       0x68 build/stm32g4xx_hal_cortex.o
                0x00000000080039d0                HAL_NVIC_SetPriority
 .text.HAL_NVIC_EnableIRQ
                0x0000000008003a38       0x1c build/stm32g4xx_hal_cortex.o
                0x0000000008003a38                HAL_NVIC_EnableIRQ
 .text.HAL_SYSTICK_Config
                0x0000000008003a54       0x2c build/stm32g4xx_hal_cortex.o
                0x0000000008003a54                HAL_SYSTICK_Config
 .text.SystemInit
                0x0000000008003a80       0x1c build/system_stm32g4xx.o
                0x0000000008003a80                SystemInit
 .text.Reset_Handler
                0x0000000008003a9c       0x50 build/startup_stm32g474xx.o
                0x0000000008003a9c                Reset_Handler
 .text.Default_Handler
                0x0000000008003aec        0x2 build/startup_stm32g474xx.o
                0x0000000008003aec                RTC_Alarm_IRQHandler
                0x0000000008003aec                EXTI2_IRQHandler
                0x0000000008003aec                TIM8_TRG_COM_IRQHandler
                0x0000000008003aec                TIM8_CC_IRQHandler
                0x0000000008003aec                HRTIM1_Master_IRQHandler
                0x0000000008003aec                SPI4_IRQHandler
                0x0000000008003aec                FDCAN3_IT0_IRQHandler
                0x0000000008003aec                TIM1_CC_IRQHandler
                0x0000000008003aec                HRTIM1_FLT_IRQHandler
                0x0000000008003aec                HRTIM1_TIMF_IRQHandler
                0x0000000008003aec                USB_HP_IRQHandler
                0x0000000008003aec                CORDIC_IRQHandler
                0x0000000008003aec                HRTIM1_TIMD_IRQHandler
                0x0000000008003aec                DMA2_Channel8_IRQHandler
                0x0000000008003aec                EXTI3_IRQHandler
                0x0000000008003aec                I2C3_ER_IRQHandler
                0x0000000008003aec                EXTI0_IRQHandler
                0x0000000008003aec                I2C2_EV_IRQHandler
                0x0000000008003aec                FPU_IRQHandler
                0x0000000008003aec                FDCAN1_IT1_IRQHandler
                0x0000000008003aec                TIM1_UP_TIM16_IRQHandler
                0x0000000008003aec                ADC1_2_IRQHandler
                0x0000000008003aec                HRTIM1_TIME_IRQHandler
                0x0000000008003aec                SPI1_IRQHandler
                0x0000000008003aec                TIM6_DAC_IRQHandler
                0x0000000008003aec                HRTIM1_TIMC_IRQHandler
                0x0000000008003aec                TIM8_UP_IRQHandler
                0x0000000008003aec                DMA2_Channel2_IRQHandler
                0x0000000008003aec                DMA1_Channel4_IRQHandler
                0x0000000008003aec                TIM20_TRG_COM_IRQHandler
                0x0000000008003aec                USART3_IRQHandler
                0x0000000008003aec                DMA1_Channel7_IRQHandler
                0x0000000008003aec                UART5_IRQHandler
                0x0000000008003aec                ADC3_IRQHandler
                0x0000000008003aec                TIM4_IRQHandler
                0x0000000008003aec                DMA2_Channel1_IRQHandler
                0x0000000008003aec                QUADSPI_IRQHandler
                0x0000000008003aec                I2C1_EV_IRQHandler
                0x0000000008003aec                DMA1_Channel6_IRQHandler
                0x0000000008003aec                UART4_IRQHandler
                0x0000000008003aec                DMA2_Channel4_IRQHandler
                0x0000000008003aec                TIM3_IRQHandler
                0x0000000008003aec                RCC_IRQHandler
                0x0000000008003aec                TIM20_UP_IRQHandler
                0x0000000008003aec                Default_Handler
                0x0000000008003aec                DMA2_Channel7_IRQHandler
                0x0000000008003aec                RTC_TAMP_LSECSS_IRQHandler
                0x0000000008003aec                FMAC_IRQHandler
                0x0000000008003aec                DMA1_Channel8_IRQHandler
                0x0000000008003aec                HRTIM1_TIMA_IRQHandler
                0x0000000008003aec                TIM7_DAC_IRQHandler
                0x0000000008003aec                FDCAN3_IT1_IRQHandler
                0x0000000008003aec                TIM5_IRQHandler
                0x0000000008003aec                UCPD1_IRQHandler
                0x0000000008003aec                I2C3_EV_IRQHandler
                0x0000000008003aec                EXTI9_5_IRQHandler
                0x0000000008003aec                RTC_WKUP_IRQHandler
                0x0000000008003aec                PVD_PVM_IRQHandler
                0x0000000008003aec                SPI2_IRQHandler
                0x0000000008003aec                ADC5_IRQHandler
                0x0000000008003aec                DMA2_Channel5_IRQHandler
                0x0000000008003aec                CRS_IRQHandler
                0x0000000008003aec                DMA1_Channel5_IRQHandler
                0x0000000008003aec                USB_LP_IRQHandler
                0x0000000008003aec                EXTI4_IRQHandler
                0x0000000008003aec                RNG_IRQHandler
                0x0000000008003aec                HRTIM1_TIMB_IRQHandler
                0x0000000008003aec                TIM1_TRG_COM_TIM17_IRQHandler
                0x0000000008003aec                FDCAN2_IT1_IRQHandler
                0x0000000008003aec                DMA1_Channel3_IRQHandler
                0x0000000008003aec                ADC4_IRQHandler
                0x0000000008003aec                WWDG_IRQHandler
                0x0000000008003aec                I2C4_EV_IRQHandler
                0x0000000008003aec                FDCAN2_IT0_IRQHandler
                0x0000000008003aec                LPUART1_IRQHandler
                0x0000000008003aec                DMA2_Channel6_IRQHandler
                0x0000000008003aec                FDCAN1_IT0_IRQHandler
                0x0000000008003aec                TIM2_IRQHandler
                0x0000000008003aec                COMP7_IRQHandler
                0x0000000008003aec                COMP1_2_3_IRQHandler
                0x0000000008003aec                EXTI1_IRQHandler
                0x0000000008003aec                USART2_IRQHandler
                0x0000000008003aec                COMP4_5_6_IRQHandler
                0x0000000008003aec                TIM20_BRK_IRQHandler
                0x0000000008003aec                I2C2_ER_IRQHandler
                0x0000000008003aec                DMA1_Channel2_IRQHandler
                0x0000000008003aec                TIM8_BRK_IRQHandler
                0x0000000008003aec                FLASH_IRQHandler
                0x0000000008003aec                TIM20_CC_IRQHandler
                0x0000000008003aec                USART1_IRQHandler
                0x0000000008003aec                SPI3_IRQHandler
                0x0000000008003aec                I2C1_ER_IRQHandler
                0x0000000008003aec                FMC_IRQHandler
                0x0000000008003aec                LPTIM1_IRQHandler
                0x0000000008003aec                DMAMUX_OVR_IRQHandler
                0x0000000008003aec                I2C4_ER_IRQHandler
                0x0000000008003aec                USBWakeUp_IRQHandler
                0x0000000008003aec                SAI1_IRQHandler
                0x0000000008003aec                DMA2_Channel3_IRQHandler
                0x0000000008003aec                TIM1_BRK_TIM15_IRQHandler
 *fill*         0x0000000008003aee        0x2 
 .text.__libc_init_array
                0x0000000008003af0       0x48 /home/alex/opt/gcc-arm-none-eabi-8-2018-q4-major/bin/../lib/gcc/arm-none-eabi/8.2.1/../../../../arm-none-eabi/lib/thumb/v7e-m+fp/hard/libc_nano.a(lib_a-init.o)
                0x0000000008003af0                __libc_init_array
 .text.memset   0x0000000008003b38       0x10 /home/alex/opt/gcc-arm-none-eabi-8-2018-q4-major/bin/../lib/gcc/arm-none-eabi/8.2.1/../../../../arm-none-eabi/lib/thumb/v7e-m+fp/hard/libc_nano.a(lib_a-memset.o)
                0x0000000008003b38                memset
 *(.glue_7)
 .glue_7        0x0000000008003b48        0x0 linker stubs
 *(.glue_7t)
 .glue_7t       0x0000000008003b48        0x0 linker stubs
 *(.eh_frame)
 .eh_frame      0x0000000008003b48        0x0 /home/alex/opt/gcc-arm-none-eabi-8-2018-q4-major/bin/../lib/gcc/arm-none-eabi/8.2.1/thumb/v7e-m+fp/hard/crtbegin.o
 *(.init)
 .init          0x0000000008003b48        0x4 /home/alex/opt/gcc-arm-none-eabi-8-2018-q4-major/bin/../lib/gcc/arm-none-eabi/8.2.1/thumb/v7e-m+fp/hard/crti.o
                0x0000000008003b48                _init
 .init          0x0000000008003b4c        0x8 /home/alex/opt/gcc-arm-none-eabi-8-2018-q4-major/bin/../lib/gcc/arm-none-eabi/8.2.1/thumb/v7e-m+fp/hard/crtn.o
 *(.fini)
 .fini          0x0000000008003b54        0x4 /home/alex/opt/gcc-arm-none-eabi-8-2018-q4-major/bin/../lib/gcc/arm-none-eabi/8.2.1/thumb/v7e-m+fp/hard/crti.o
                0x0000000008003b54                _fini
 .fini          0x0000000008003b58        0x8 /home/alex/opt/gcc-arm-none-eabi-8-2018-q4-major/bin/../lib/gcc/arm-none-eabi/8.2.1/thumb/v7e-m+fp/hard/crtn.o
                0x0000000008003b60                . = ALIGN (0x4)
                0x0000000008003b60                _etext = .

.vfp11_veneer   0x0000000008003b60        0x0
 .vfp11_veneer  0x0000000008003b60        0x0 linker stubs

.v4_bx          0x0000000008003b60        0x0
 .v4_bx         0x0000000008003b60        0x0 linker stubs

.iplt           0x0000000008003b60        0x0
 .iplt          0x0000000008003b60        0x0 /home/alex/opt/gcc-arm-none-eabi-8-2018-q4-major/bin/../lib/gcc/arm-none-eabi/8.2.1/thumb/v7e-m+fp/hard/crtbegin.o

.rodata         0x0000000008003b60       0x28
                0x0000000008003b60                . = ALIGN (0x4)
 *(.rodata)
 .rodata        0x0000000008003b60       0x10 build/stm32g4xx_hal_uart_ex.o
 *(.rodata*)
 .rodata.AHBPrescTable
                0x0000000008003b70       0x10 build/system_stm32g4xx.o
                0x0000000008003b70                AHBPrescTable
 .rodata.APBPrescTable
                0x0000000008003b80        0x8 build/system_stm32g4xx.o
                0x0000000008003b80                APBPrescTable
                0x0000000008003b88                . = ALIGN (0x4)

.ARM.extab
 *(.ARM.extab* .gnu.linkonce.armextab.*)

.ARM            0x0000000008003b88        0x8
                0x0000000008003b88                __exidx_start = .
 *(.ARM.exidx*)
 .ARM.exidx     0x0000000008003b88        0x8 /home/alex/opt/gcc-arm-none-eabi-8-2018-q4-major/bin/../lib/gcc/arm-none-eabi/8.2.1/thumb/v7e-m+fp/hard/libgcc.a(_udivmoddi4.o)
                0x0000000008003b90                __exidx_end = .

.rel.dyn        0x0000000008003b90        0x0
 .rel.iplt      0x0000000008003b90        0x0 /home/alex/opt/gcc-arm-none-eabi-8-2018-q4-major/bin/../lib/gcc/arm-none-eabi/8.2.1/thumb/v7e-m+fp/hard/crtbegin.o

.preinit_array  0x0000000008003b90        0x0
                0x0000000008003b90                PROVIDE (__preinit_array_start = .)
 *(.preinit_array*)
                0x0000000008003b90                PROVIDE (__preinit_array_end = .)

.init_array     0x0000000008003b90        0x4
                0x0000000008003b90                PROVIDE (__init_array_start = .)
 *(SORT_BY_NAME(.init_array.*))
 *(.init_array*)
 .init_array    0x0000000008003b90        0x4 /home/alex/opt/gcc-arm-none-eabi-8-2018-q4-major/bin/../lib/gcc/arm-none-eabi/8.2.1/thumb/v7e-m+fp/hard/crtbegin.o
                0x0000000008003b94                PROVIDE (__init_array_end = .)

.fini_array     0x0000000008003b94        0x4
                [!provide]                        PROVIDE (__fini_array_start = .)
 *(SORT_BY_NAME(.fini_array.*))
 *(.fini_array*)
 .fini_array    0x0000000008003b94        0x4 /home/alex/opt/gcc-arm-none-eabi-8-2018-q4-major/bin/../lib/gcc/arm-none-eabi/8.2.1/thumb/v7e-m+fp/hard/crtbegin.o
                [!provide]                        PROVIDE (__fini_array_end = .)
                0x0000000008003b98                _sidata = LOADADDR (.data)

.data           0x0000000020000000        0xc load address 0x0000000008003b98
                0x0000000020000000                . = ALIGN (0x4)
                0x0000000020000000                _sdata = .
 *(.data)
 *(.data*)
 .data.uwTickFreq
                0x0000000020000000        0x4 build/stm32g4xx_hal.o
                0x0000000020000000                uwTickFreq
 .data.uwTickPrio
                0x0000000020000004        0x4 build/stm32g4xx_hal.o
                0x0000000020000004                uwTickPrio
 .data.SystemCoreClock
                0x0000000020000008        0x4 build/system_stm32g4xx.o
                0x0000000020000008                SystemCoreClock
                0x000000002000000c                . = ALIGN (0x4)
                0x000000002000000c                _edata = .

.igot.plt       0x000000002000000c        0x0 load address 0x0000000008003ba4
 .igot.plt      0x000000002000000c        0x0 /home/alex/opt/gcc-arm-none-eabi-8-2018-q4-major/bin/../lib/gcc/arm-none-eabi/8.2.1/thumb/v7e-m+fp/hard/crtbegin.o
                0x000000002000000c                . = ALIGN (0x4)

.bss            0x000000002000000c      0x1cc load address 0x0000000008003ba4
                0x000000002000000c                _sbss = .
                0x000000002000000c                __bss_start__ = _sbss
 *(.bss)
 .bss           0x000000002000000c       0x1c /home/alex/opt/gcc-arm-none-eabi-8-2018-q4-major/bin/../lib/gcc/arm-none-eabi/8.2.1/thumb/v7e-m+fp/hard/crtbegin.o
 *(.bss*)
 *(COMMON)
 COMMON         0x0000000020000028       0xcc build/adc.o
                0x0000000020000028                hadc1
                0x0000000020000094                hdma_adc1
 COMMON         0x00000000200000f4       0x14 build/dac.o
                0x00000000200000f4                hdac1
 COMMON         0x0000000020000108       0x40 build/tim.o
                0x0000000020000108                htim6
 COMMON         0x0000000020000148       0x8c build/usart.o
                0x0000000020000148                huart1
 COMMON         0x00000000200001d4        0x4 build/stm32g4xx_hal.o
                0x00000000200001d4                uwTick
                0x00000000200001d8                . = ALIGN (0x4)
                0x00000000200001d8                _ebss = .
                0x00000000200001d8                __bss_end__ = _ebss

._user_heap_stack
                0x00000000200001d8      0x600 load address 0x0000000008003ba4
                0x00000000200001d8                . = ALIGN (0x8)
                [!provide]                        PROVIDE (end = .)
                [!provide]                        PROVIDE (_end = .)
                0x00000000200003d8                . = (. + _Min_Heap_Size)
 *fill*         0x00000000200001d8      0x200 
                0x00000000200007d8                . = (. + _Min_Stack_Size)
 *fill*         0x00000000200003d8      0x400 
                0x00000000200007d8                . = ALIGN (0x8)

/DISCARD/
 libc.a(*)
 libm.a(*)
 libgcc.a(*)

.ARM.attributes
                0x0000000000000000       0x30
 *(.ARM.attributes)
 .ARM.attributes
                0x0000000000000000       0x1e /home/alex/opt/gcc-arm-none-eabi-8-2018-q4-major/bin/../lib/gcc/arm-none-eabi/8.2.1/thumb/v7e-m+fp/hard/crti.o
 .ARM.attributes
                0x000000000000001e       0x34 /home/alex/opt/gcc-arm-none-eabi-8-2018-q4-major/bin/../lib/gcc/arm-none-eabi/8.2.1/thumb/v7e-m+fp/hard/crtbegin.o
 .ARM.attributes
                0x0000000000000052       0x34 build/main.o
 .ARM.attributes
                0x0000000000000086       0x34 build/gpio.o
 .ARM.attributes
                0x00000000000000ba       0x34 build/adc.o
 .ARM.attributes
                0x00000000000000ee       0x34 build/dac.o
 .ARM.attributes
                0x0000000000000122       0x34 build/dma.o
 .ARM.attributes
                0x0000000000000156       0x34 build/tim.o
 .ARM.attributes
                0x000000000000018a       0x34 build/usart.o
 .ARM.attributes
                0x00000000000001be       0x34 build/stm32g4xx_it.o
 .ARM.attributes
                0x00000000000001f2       0x34 build/stm32g4xx_hal_msp.o
 .ARM.attributes
                0x0000000000000226       0x34 build/stm32g4xx_hal_gpio.o
 .ARM.attributes
                0x000000000000025a       0x34 build/stm32g4xx_hal_adc.o
 .ARM.attributes
                0x000000000000028e       0x34 build/stm32g4xx_hal_adc_ex.o
 .ARM.attributes
                0x00000000000002c2       0x34 build/stm32g4xx_hal_dac.o
 .ARM.attributes
                0x00000000000002f6       0x34 build/stm32g4xx_hal_tim.o
 .ARM.attributes
                0x000000000000032a       0x34 build/stm32g4xx_hal_tim_ex.o
 .ARM.attributes
                0x000000000000035e       0x34 build/stm32g4xx_hal_uart.o
 .ARM.attributes
                0x0000000000000392       0x34 build/stm32g4xx_hal_uart_ex.o
 .ARM.attributes
                0x00000000000003c6       0x34 build/stm32g4xx_hal.o
 .ARM.attributes
                0x00000000000003fa       0x34 build/stm32g4xx_hal_rcc.o
 .ARM.attributes
                0x000000000000042e       0x34 build/stm32g4xx_hal_rcc_ex.o
 .ARM.attributes
                0x0000000000000462       0x34 build/stm32g4xx_hal_dma.o
 .ARM.attributes
                0x0000000000000496       0x34 build/stm32g4xx_hal_pwr_ex.o
 .ARM.attributes
                0x00000000000004ca       0x34 build/stm32g4xx_hal_cortex.o
 .ARM.attributes
                0x00000000000004fe       0x34 build/system_stm32g4xx.o
 .ARM.attributes
                0x0000000000000532       0x21 build/startup_stm32g474xx.o
 .ARM.attributes
                0x0000000000000553       0x34 /home/alex/opt/gcc-arm-none-eabi-8-2018-q4-major/bin/../lib/gcc/arm-none-eabi/8.2.1/../../../../arm-none-eabi/lib/thumb/v7e-m+fp/hard/libc_nano.a(lib_a-init.o)
 .ARM.attributes
                0x0000000000000587       0x34 /home/alex/opt/gcc-arm-none-eabi-8-2018-q4-major/bin/../lib/gcc/arm-none-eabi/8.2.1/../../../../arm-none-eabi/lib/thumb/v7e-m+fp/hard/libc_nano.a(lib_a-memset.o)
 .ARM.attributes
                0x00000000000005bb       0x1e /home/alex/opt/gcc-arm-none-eabi-8-2018-q4-major/bin/../lib/gcc/arm-none-eabi/8.2.1/thumb/v7e-m+fp/hard/libgcc.a(_aeabi_uldivmod.o)
 .ARM.attributes
                0x00000000000005d9       0x34 /home/alex/opt/gcc-arm-none-eabi-8-2018-q4-major/bin/../lib/gcc/arm-none-eabi/8.2.1/thumb/v7e-m+fp/hard/libgcc.a(_udivmoddi4.o)
 .ARM.attributes
                0x000000000000060d       0x1e /home/alex/opt/gcc-arm-none-eabi-8-2018-q4-major/bin/../lib/gcc/arm-none-eabi/8.2.1/thumb/v7e-m+fp/hard/libgcc.a(_dvmd_tls.o)
 .ARM.attributes
                0x000000000000062b       0x1e /home/alex/opt/gcc-arm-none-eabi-8-2018-q4-major/bin/../lib/gcc/arm-none-eabi/8.2.1/thumb/v7e-m+fp/hard/crtn.o
OUTPUT(build/SmaG474.elf elf32-littlearm)

.debug_info     0x0000000000000000    0x2093f
 .debug_info    0x0000000000000000     0x19e7 build/main.o
 .debug_info    0x00000000000019e7      0xa9f build/gpio.o
 .debug_info    0x0000000000002486     0x1292 build/adc.o
 .debug_info    0x0000000000003718      0xf79 build/dac.o
 .debug_info    0x0000000000004691      0x87a build/dma.o
 .debug_info    0x0000000000004f0b      0xddc build/tim.o
 .debug_info    0x0000000000005ce7      0xfe2 build/usart.o
 .debug_info    0x0000000000006cc9      0x78e build/stm32g4xx_it.o
 .debug_info    0x0000000000007457      0x756 build/stm32g4xx_hal_msp.o
 .debug_info    0x0000000000007bad      0xb16 build/stm32g4xx_hal_gpio.o
 .debug_info    0x00000000000086c3     0x3ac1 build/stm32g4xx_hal_adc.o
 .debug_info    0x000000000000c184     0x3283 build/stm32g4xx_hal_adc_ex.o
 .debug_info    0x000000000000f407     0x1190 build/stm32g4xx_hal_dac.o
 .debug_info    0x0000000000010597     0x4041 build/stm32g4xx_hal_tim.o
 .debug_info    0x00000000000145d8     0x2436 build/stm32g4xx_hal_tim_ex.o
 .debug_info    0x0000000000016a0e     0x262c build/stm32g4xx_hal_uart.o
 .debug_info    0x000000000001903a     0x1001 build/stm32g4xx_hal_uart_ex.o
 .debug_info    0x000000000001a03b      0xf1b build/stm32g4xx_hal.o
 .debug_info    0x000000000001af56     0x11b7 build/stm32g4xx_hal_rcc.o
 .debug_info    0x000000000001c10d     0x12ab build/stm32g4xx_hal_rcc_ex.o
 .debug_info    0x000000000001d3b8      0xcc8 build/stm32g4xx_hal_dma.o
 .debug_info    0x000000000001e080      0xd04 build/stm32g4xx_hal_pwr_ex.o
 .debug_info    0x000000000001ed84     0x13bd build/stm32g4xx_hal_cortex.o
 .debug_info    0x0000000000020141      0x7dc build/system_stm32g4xx.o
 .debug_info    0x000000000002091d       0x22 build/startup_stm32g474xx.o

.debug_abbrev   0x0000000000000000     0x37c1
 .debug_abbrev  0x0000000000000000      0x22f build/main.o
 .debug_abbrev  0x000000000000022f      0x187 build/gpio.o
 .debug_abbrev  0x00000000000003b6      0x20b build/adc.o
 .debug_abbrev  0x00000000000005c1      0x203 build/dac.o
 .debug_abbrev  0x00000000000007c4      0x176 build/dma.o
 .debug_abbrev  0x000000000000093a      0x20e build/tim.o
 .debug_abbrev  0x0000000000000b48      0x1f1 build/usart.o
 .debug_abbrev  0x0000000000000d39      0x19a build/stm32g4xx_it.o
 .debug_abbrev  0x0000000000000ed3      0x15c build/stm32g4xx_hal_msp.o
 .debug_abbrev  0x000000000000102f      0x24f build/stm32g4xx_hal_gpio.o
 .debug_abbrev  0x000000000000127e      0x318 build/stm32g4xx_hal_adc.o
 .debug_abbrev  0x0000000000001596      0x39c build/stm32g4xx_hal_adc_ex.o
 .debug_abbrev  0x0000000000001932      0x22f build/stm32g4xx_hal_dac.o
 .debug_abbrev  0x0000000000001b61      0x2be build/stm32g4xx_hal_tim.o
 .debug_abbrev  0x0000000000001e1f      0x2ba build/stm32g4xx_hal_tim_ex.o
 .debug_abbrev  0x00000000000020d9      0x2ac build/stm32g4xx_hal_uart.o
 .debug_abbrev  0x0000000000002385      0x28d build/stm32g4xx_hal_uart_ex.o
 .debug_abbrev  0x0000000000002612      0x258 build/stm32g4xx_hal.o
 .debug_abbrev  0x000000000000286a      0x2ac build/stm32g4xx_hal_rcc.o
 .debug_abbrev  0x0000000000002b16      0x28f build/stm32g4xx_hal_rcc_ex.o
 .debug_abbrev  0x0000000000002da5      0x290 build/stm32g4xx_hal_dma.o
 .debug_abbrev  0x0000000000003035      0x266 build/stm32g4xx_hal_pwr_ex.o
 .debug_abbrev  0x000000000000329b      0x3aa build/stm32g4xx_hal_cortex.o
 .debug_abbrev  0x0000000000003645      0x16a build/system_stm32g4xx.o
 .debug_abbrev  0x00000000000037af       0x12 build/startup_stm32g474xx.o

.debug_loc      0x0000000000000000    0x1561e
 .debug_loc     0x0000000000000000       0x59 build/main.o
 .debug_loc     0x0000000000000059       0x38 build/gpio.o
 .debug_loc     0x0000000000000091      0x119 build/adc.o
 .debug_loc     0x00000000000001aa      0x12c build/dac.o
 .debug_loc     0x00000000000002d6       0x38 build/dma.o
 .debug_loc     0x000000000000030e       0x70 build/tim.o
 .debug_loc     0x000000000000037e      0x108 build/usart.o
 .debug_loc     0x0000000000000486       0x60 build/stm32g4xx_it.o
 .debug_loc     0x00000000000004e6       0x2c build/stm32g4xx_hal_msp.o
 .debug_loc     0x0000000000000512      0x3ef build/stm32g4xx_hal_gpio.o
 .debug_loc     0x0000000000000901     0x2c86 build/stm32g4xx_hal_adc.o
 .debug_loc     0x0000000000003587     0x28ca build/stm32g4xx_hal_adc_ex.o
 .debug_loc     0x0000000000005e51      0xb09 build/stm32g4xx_hal_dac.o
 .debug_loc     0x000000000000695a     0x5460 build/stm32g4xx_hal_tim.o
 .debug_loc     0x000000000000bdba     0x2538 build/stm32g4xx_hal_tim_ex.o
 .debug_loc     0x000000000000e2f2     0x24e2 build/stm32g4xx_hal_uart.o
 .debug_loc     0x00000000000107d4      0x6b3 build/stm32g4xx_hal_uart_ex.o
 .debug_loc     0x0000000000010e87      0x337 build/stm32g4xx_hal.o
 .debug_loc     0x00000000000111be      0x974 build/stm32g4xx_hal_rcc.o
 .debug_loc     0x0000000000011b32     0x1d8c build/stm32g4xx_hal_rcc_ex.o
 .debug_loc     0x00000000000138be      0xae6 build/stm32g4xx_hal_dma.o
 .debug_loc     0x00000000000143a4      0xa68 build/stm32g4xx_hal_pwr_ex.o
 .debug_loc     0x0000000000014e0c      0x782 build/stm32g4xx_hal_cortex.o
 .debug_loc     0x000000000001558e       0x90 build/system_stm32g4xx.o

.debug_aranges  0x0000000000000000     0x12a0
 .debug_aranges
                0x0000000000000000       0x30 build/main.o
 .debug_aranges
                0x0000000000000030       0x20 build/gpio.o
 .debug_aranges
                0x0000000000000050       0x30 build/adc.o
 .debug_aranges
                0x0000000000000080       0x30 build/dac.o
 .debug_aranges
                0x00000000000000b0       0x20 build/dma.o
 .debug_aranges
                0x00000000000000d0       0x30 build/tim.o
 .debug_aranges
                0x0000000000000100       0x30 build/usart.o
 .debug_aranges
                0x0000000000000130       0x70 build/stm32g4xx_it.o
 .debug_aranges
                0x00000000000001a0       0x20 build/stm32g4xx_hal_msp.o
 .debug_aranges
                0x00000000000001c0       0x58 build/stm32g4xx_hal_gpio.o
 .debug_aranges
                0x0000000000000218      0x108 build/stm32g4xx_hal_adc.o
 .debug_aranges
                0x0000000000000320       0xf0 build/stm32g4xx_hal_adc_ex.o
 .debug_aranges
                0x0000000000000410       0xc0 build/stm32g4xx_hal_dac.o
 .debug_aranges
                0x00000000000004d0      0x3c8 build/stm32g4xx_hal_tim.o
 .debug_aranges
                0x0000000000000898      0x228 build/stm32g4xx_hal_tim_ex.o
 .debug_aranges
                0x0000000000000ac0      0x218 build/stm32g4xx_hal_uart.o
 .debug_aranges
                0x0000000000000cd8       0x88 build/stm32g4xx_hal_uart_ex.o
 .debug_aranges
                0x0000000000000d60      0x130 build/stm32g4xx_hal.o
 .debug_aranges
                0x0000000000000e90       0x98 build/stm32g4xx_hal_rcc.o
 .debug_aranges
                0x0000000000000f28       0xb0 build/stm32g4xx_hal_rcc_ex.o
 .debug_aranges
                0x0000000000000fd8       0x90 build/stm32g4xx_hal_dma.o
 .debug_aranges
                0x0000000000001068      0x140 build/stm32g4xx_hal_pwr_ex.o
 .debug_aranges
                0x00000000000011a8       0xa8 build/stm32g4xx_hal_cortex.o
 .debug_aranges
                0x0000000000001250       0x28 build/system_stm32g4xx.o
 .debug_aranges
                0x0000000000001278       0x28 build/startup_stm32g474xx.o

.debug_ranges   0x0000000000000000     0x15c8
 .debug_ranges  0x0000000000000000       0x20 build/main.o
 .debug_ranges  0x0000000000000020       0x10 build/gpio.o
 .debug_ranges  0x0000000000000030       0x20 build/adc.o
 .debug_ranges  0x0000000000000050       0x20 build/dac.o
 .debug_ranges  0x0000000000000070       0x10 build/dma.o
 .debug_ranges  0x0000000000000080       0x20 build/tim.o
 .debug_ranges  0x00000000000000a0       0x20 build/usart.o
 .debug_ranges  0x00000000000000c0       0x60 build/stm32g4xx_it.o
 .debug_ranges  0x0000000000000120       0x10 build/stm32g4xx_hal_msp.o
 .debug_ranges  0x0000000000000130       0x48 build/stm32g4xx_hal_gpio.o
 .debug_ranges  0x0000000000000178      0x308 build/stm32g4xx_hal_adc.o
 .debug_ranges  0x0000000000000480      0x308 build/stm32g4xx_hal_adc_ex.o
 .debug_ranges  0x0000000000000788       0xb0 build/stm32g4xx_hal_dac.o
 .debug_ranges  0x0000000000000838      0x3b8 build/stm32g4xx_hal_tim.o
 .debug_ranges  0x0000000000000bf0      0x218 build/stm32g4xx_hal_tim_ex.o
 .debug_ranges  0x0000000000000e08      0x208 build/stm32g4xx_hal_uart.o
 .debug_ranges  0x0000000000001010       0x78 build/stm32g4xx_hal_uart_ex.o
 .debug_ranges  0x0000000000001088      0x120 build/stm32g4xx_hal.o
 .debug_ranges  0x00000000000011a8       0xa0 build/stm32g4xx_hal_rcc.o
 .debug_ranges  0x0000000000001248       0xb8 build/stm32g4xx_hal_rcc_ex.o
 .debug_ranges  0x0000000000001300       0x80 build/stm32g4xx_hal_dma.o
 .debug_ranges  0x0000000000001380      0x130 build/stm32g4xx_hal_pwr_ex.o
 .debug_ranges  0x00000000000014b0       0xe0 build/stm32g4xx_hal_cortex.o
 .debug_ranges  0x0000000000001590       0x18 build/system_stm32g4xx.o
 .debug_ranges  0x00000000000015a8       0x20 build/startup_stm32g474xx.o

.debug_line     0x0000000000000000    0x13f71
 .debug_line    0x0000000000000000      0x3e0 build/main.o
 .debug_line    0x00000000000003e0      0x261 build/gpio.o
 .debug_line    0x0000000000000641      0x46e build/adc.o
 .debug_line    0x0000000000000aaf      0x347 build/dac.o
 .debug_line    0x0000000000000df6      0x1fb build/dma.o
 .debug_line    0x0000000000000ff1      0x2e4 build/tim.o
 .debug_line    0x00000000000012d5      0x36a build/usart.o
 .debug_line    0x000000000000163f      0x305 build/stm32g4xx_it.o
 .debug_line    0x0000000000001944      0x215 build/stm32g4xx_hal_msp.o
 .debug_line    0x0000000000001b59      0x6dd build/stm32g4xx_hal_gpio.o
 .debug_line    0x0000000000002236     0x2514 build/stm32g4xx_hal_adc.o
 .debug_line    0x000000000000474a     0x1f8b build/stm32g4xx_hal_adc_ex.o
 .debug_line    0x00000000000066d5      0xaba build/stm32g4xx_hal_dac.o
 .debug_line    0x000000000000718f     0x39c0 build/stm32g4xx_hal_tim.o
 .debug_line    0x000000000000ab4f     0x1946 build/stm32g4xx_hal_tim_ex.o
 .debug_line    0x000000000000c495     0x2a61 build/stm32g4xx_hal_uart.o
 .debug_line    0x000000000000eef6      0x775 build/stm32g4xx_hal_uart_ex.o
 .debug_line    0x000000000000f66b      0x68b build/stm32g4xx_hal.o
 .debug_line    0x000000000000fcf6      0xd9b build/stm32g4xx_hal_rcc.o
 .debug_line    0x0000000000010a91     0x1331 build/stm32g4xx_hal_rcc_ex.o
 .debug_line    0x0000000000011dc2      0xc6e build/stm32g4xx_hal_dma.o
 .debug_line    0x0000000000012a30      0xa87 build/stm32g4xx_hal_pwr_ex.o
 .debug_line    0x00000000000134b7      0x7a3 build/stm32g4xx_hal_cortex.o
 .debug_line    0x0000000000013c5a      0x2a0 build/system_stm32g4xx.o
 .debug_line    0x0000000000013efa       0x77 build/startup_stm32g474xx.o

.debug_str      0x0000000000000000     0x68c9
 .debug_str     0x0000000000000000     0x119e build/main.o
                                       0x12cd (size before relaxing)
 .debug_str     0x000000000000119e      0x7ef build/gpio.o
                                        0xc0b (size before relaxing)
 .debug_str     0x000000000000198d      0x105 build/adc.o
                                        0xc5e (size before relaxing)
 .debug_str     0x0000000000001a92      0x185 build/dac.o
                                        0xb65 (size before relaxing)
 .debug_str     0x0000000000001c17        0xa build/dma.o
                                        0xb4c (size before relaxing)
 .debug_str     0x0000000000001c21       0xdc build/tim.o
                                        0xad4 (size before relaxing)
 .debug_str     0x0000000000001cfd       0xa0 build/usart.o
                                        0xb30 (size before relaxing)
 .debug_str     0x0000000000001d9d      0x109 build/stm32g4xx_it.o
                                        0x757 (size before relaxing)
 .debug_str     0x0000000000001ea6       0xa0 build/stm32g4xx_hal_msp.o
                                        0x58f (size before relaxing)
 .debug_str     0x0000000000001f46      0x142 build/stm32g4xx_hal_gpio.o
                                        0x742 (size before relaxing)
 .debug_str     0x0000000000002088      0xa27 build/stm32g4xx_hal_adc.o
                                       0x14a8 (size before relaxing)
 .debug_str     0x0000000000002aaf      0x5b1 build/stm32g4xx_hal_adc_ex.o
                                       0x1457 (size before relaxing)
 .debug_str     0x0000000000003060      0x1f2 build/stm32g4xx_hal_dac.o
                                        0xb95 (size before relaxing)
 .debug_str     0x0000000000003252      0xeee build/stm32g4xx_hal_tim.o
                                       0x1868 (size before relaxing)
 .debug_str     0x0000000000004140      0x8bd build/stm32g4xx_hal_tim_ex.o
                                       0x14a2 (size before relaxing)
 .debug_str     0x00000000000049fd      0x7e2 build/stm32g4xx_hal_uart.o
                                       0x1281 (size before relaxing)
 .debug_str     0x00000000000051df      0x1cd build/stm32g4xx_hal_uart_ex.o
                                        0xbc3 (size before relaxing)
 .debug_str     0x00000000000053ac      0x3d5 build/stm32g4xx_hal.o
                                        0xfd1 (size before relaxing)
 .debug_str     0x0000000000005781      0x20a build/stm32g4xx_hal_rcc.o
                                        0x9fc (size before relaxing)
 .debug_str     0x000000000000598b      0x372 build/stm32g4xx_hal_rcc_ex.o
                                        0xc67 (size before relaxing)
 .debug_str     0x0000000000005cfd      0x250 build/stm32g4xx_hal_dma.o
                                        0x96c (size before relaxing)
 .debug_str     0x0000000000005f4d      0x4e8 build/stm32g4xx_hal_pwr_ex.o
                                        0x9c6 (size before relaxing)
 .debug_str     0x0000000000006435      0x437 build/stm32g4xx_hal_cortex.o
                                        0xf3a (size before relaxing)
 .debug_str     0x000000000000686c       0x38 build/system_stm32g4xx.o
                                        0x586 (size before relaxing)
 .debug_str     0x00000000000068a4       0x25 build/startup_stm32g474xx.o
                                         0x3c (size before relaxing)

.comment        0x0000000000000000       0x75
 .comment       0x0000000000000000       0x75 build/main.o
                                         0x76 (size before relaxing)
 .comment       0x0000000000000075       0x76 build/gpio.o
 .comment       0x0000000000000075       0x76 build/adc.o
 .comment       0x0000000000000075       0x76 build/dac.o
 .comment       0x0000000000000075       0x76 build/dma.o
 .comment       0x0000000000000075       0x76 build/tim.o
 .comment       0x0000000000000075       0x76 build/usart.o
 .comment       0x0000000000000075       0x76 build/stm32g4xx_it.o
 .comment       0x0000000000000075       0x76 build/stm32g4xx_hal_msp.o
 .comment       0x0000000000000075       0x76 build/stm32g4xx_hal_gpio.o
 .comment       0x0000000000000075       0x76 build/stm32g4xx_hal_adc.o
 .comment       0x0000000000000075       0x76 build/stm32g4xx_hal_adc_ex.o
 .comment       0x0000000000000075       0x76 build/stm32g4xx_hal_dac.o
 .comment       0x0000000000000075       0x76 build/stm32g4xx_hal_tim.o
 .comment       0x0000000000000075       0x76 build/stm32g4xx_hal_tim_ex.o
 .comment       0x0000000000000075       0x76 build/stm32g4xx_hal_uart.o
 .comment       0x0000000000000075       0x76 build/stm32g4xx_hal_uart_ex.o
 .comment       0x0000000000000075       0x76 build/stm32g4xx_hal.o
 .comment       0x0000000000000075       0x76 build/stm32g4xx_hal_rcc.o
 .comment       0x0000000000000075       0x76 build/stm32g4xx_hal_rcc_ex.o
 .comment       0x0000000000000075       0x76 build/stm32g4xx_hal_dma.o
 .comment       0x0000000000000075       0x76 build/stm32g4xx_hal_pwr_ex.o
 .comment       0x0000000000000075       0x76 build/stm32g4xx_hal_cortex.o
 .comment       0x0000000000000075       0x76 build/system_stm32g4xx.o

.debug_frame    0x0000000000000000     0x3448
 .debug_frame   0x0000000000000000       0x60 build/main.o
 .debug_frame   0x0000000000000060       0x30 build/gpio.o
 .debug_frame   0x0000000000000090       0x74 build/adc.o
 .debug_frame   0x0000000000000104       0x6c build/dac.o
 .debug_frame   0x0000000000000170       0x2c build/dma.o
 .debug_frame   0x000000000000019c       0x58 build/tim.o
 .debug_frame   0x00000000000001f4       0x68 build/usart.o
 .debug_frame   0x000000000000025c       0xe4 build/stm32g4xx_it.o
 .debug_frame   0x0000000000000340       0x28 build/stm32g4xx_hal_msp.o
 .debug_frame   0x0000000000000368       0xec build/stm32g4xx_hal_gpio.o
 .debug_frame   0x0000000000000454      0x36c build/stm32g4xx_hal_adc.o
 .debug_frame   0x00000000000007c0      0x314 build/stm32g4xx_hal_adc_ex.o
 .debug_frame   0x0000000000000ad4      0x244 build/stm32g4xx_hal_dac.o
 .debug_frame   0x0000000000000d18      0xc58 build/stm32g4xx_hal_tim.o
 .debug_frame   0x0000000000001970      0x654 build/stm32g4xx_hal_tim_ex.o
 .debug_frame   0x0000000000001fc4      0x688 build/stm32g4xx_hal_uart.o
 .debug_frame   0x000000000000264c      0x188 build/stm32g4xx_hal_uart_ex.o
 .debug_frame   0x00000000000027d4      0x28c build/stm32g4xx_hal.o
 .debug_frame   0x0000000000002a60      0x1d0 build/stm32g4xx_hal_rcc.o
 .debug_frame   0x0000000000002c30      0x1c0 build/stm32g4xx_hal_rcc_ex.o
 .debug_frame   0x0000000000002df0      0x1a4 build/stm32g4xx_hal_dma.o
 .debug_frame   0x0000000000002f94      0x26c build/stm32g4xx_hal_pwr_ex.o
 .debug_frame   0x0000000000003200      0x16c build/stm32g4xx_hal_cortex.o
 .debug_frame   0x000000000000336c       0x30 build/system_stm32g4xx.o
 .debug_frame   0x000000000000339c       0x2c /home/alex/opt/gcc-arm-none-eabi-8-2018-q4-major/bin/../lib/gcc/arm-none-eabi/8.2.1/../../../../arm-none-eabi/lib/thumb/v7e-m+fp/hard/libc_nano.a(lib_a-init.o)
 .debug_frame   0x00000000000033c8       0x20 /home/alex/opt/gcc-arm-none-eabi-8-2018-q4-major/bin/../lib/gcc/arm-none-eabi/8.2.1/../../../../arm-none-eabi/lib/thumb/v7e-m+fp/hard/libc_nano.a(lib_a-memset.o)
 .debug_frame   0x00000000000033e8       0x2c /home/alex/opt/gcc-arm-none-eabi-8-2018-q4-major/bin/../lib/gcc/arm-none-eabi/8.2.1/thumb/v7e-m+fp/hard/libgcc.a(_aeabi_uldivmod.o)
 .debug_frame   0x0000000000003414       0x34 /home/alex/opt/gcc-arm-none-eabi-8-2018-q4-major/bin/../lib/gcc/arm-none-eabi/8.2.1/thumb/v7e-m+fp/hard/libgcc.a(_udivmoddi4.o)

Cross Reference Table

Symbol                                            File
ADC1_2_IRQHandler                                 build/startup_stm32g474xx.o
ADC3_IRQHandler                                   build/startup_stm32g474xx.o
ADC4_IRQHandler                                   build/startup_stm32g474xx.o
ADC5_IRQHandler                                   build/startup_stm32g474xx.o
ADC_ConversionStop                                build/stm32g4xx_hal_adc.o
                                                  build/stm32g4xx_hal_adc_ex.o
ADC_DMAConvCplt                                   build/stm32g4xx_hal_adc.o
                                                  build/stm32g4xx_hal_adc_ex.o
ADC_DMAError                                      build/stm32g4xx_hal_adc.o
                                                  build/stm32g4xx_hal_adc_ex.o
ADC_DMAHalfConvCplt                               build/stm32g4xx_hal_adc.o
                                                  build/stm32g4xx_hal_adc_ex.o
ADC_Disable                                       build/stm32g4xx_hal_adc.o
                                                  build/stm32g4xx_hal_adc_ex.o
ADC_Enable                                        build/stm32g4xx_hal_adc.o
                                                  build/stm32g4xx_hal_adc_ex.o
AHBPrescTable                                     build/system_stm32g4xx.o
                                                  build/stm32g4xx_hal_rcc.o
APBPrescTable                                     build/system_stm32g4xx.o
                                                  build/stm32g4xx_hal_rcc.o
BusFault_Handler                                  build/stm32g4xx_it.o
COMP1_2_3_IRQHandler                              build/startup_stm32g474xx.o
COMP4_5_6_IRQHandler                              build/startup_stm32g474xx.o
COMP7_IRQHandler                                  build/startup_stm32g474xx.o
CORDIC_IRQHandler                                 build/startup_stm32g474xx.o
CRS_IRQHandler                                    build/startup_stm32g474xx.o
DAC_DMAConvCpltCh1                                build/stm32g4xx_hal_dac.o
                                                  build/stm32g4xx_hal_dac_ex.o
DAC_DMAConvCpltCh2                                build/stm32g4xx_hal_dac_ex.o
                                                  build/stm32g4xx_hal_dac.o
DAC_DMAErrorCh1                                   build/stm32g4xx_hal_dac.o
                                                  build/stm32g4xx_hal_dac_ex.o
DAC_DMAErrorCh2                                   build/stm32g4xx_hal_dac_ex.o
                                                  build/stm32g4xx_hal_dac.o
DAC_DMAHalfConvCpltCh1                            build/stm32g4xx_hal_dac.o
                                                  build/stm32g4xx_hal_dac_ex.o
DAC_DMAHalfConvCpltCh2                            build/stm32g4xx_hal_dac_ex.o
                                                  build/stm32g4xx_hal_dac.o
DMA1_Channel1_IRQHandler                          build/stm32g4xx_it.o
DMA1_Channel2_IRQHandler                          build/startup_stm32g474xx.o
DMA1_Channel3_IRQHandler                          build/startup_stm32g474xx.o
DMA1_Channel4_IRQHandler                          build/startup_stm32g474xx.o
DMA1_Channel5_IRQHandler                          build/startup_stm32g474xx.o
DMA1_Channel6_IRQHandler                          build/startup_stm32g474xx.o
DMA1_Channel7_IRQHandler                          build/startup_stm32g474xx.o
DMA1_Channel8_IRQHandler                          build/startup_stm32g474xx.o
DMA2_Channel1_IRQHandler                          build/startup_stm32g474xx.o
DMA2_Channel2_IRQHandler                          build/startup_stm32g474xx.o
DMA2_Channel3_IRQHandler                          build/startup_stm32g474xx.o
DMA2_Channel4_IRQHandler                          build/startup_stm32g474xx.o
DMA2_Channel5_IRQHandler                          build/startup_stm32g474xx.o
DMA2_Channel6_IRQHandler                          build/startup_stm32g474xx.o
DMA2_Channel7_IRQHandler                          build/startup_stm32g474xx.o
DMA2_Channel8_IRQHandler                          build/startup_stm32g474xx.o
DMAMUX_OVR_IRQHandler                             build/startup_stm32g474xx.o
DebugMon_Handler                                  build/stm32g4xx_it.o
Default_Handler                                   build/startup_stm32g474xx.o
EXTI0_IRQHandler                                  build/startup_stm32g474xx.o
EXTI15_10_IRQHandler                              build/stm32g4xx_it.o
EXTI1_IRQHandler                                  build/startup_stm32g474xx.o
EXTI2_IRQHandler                                  build/startup_stm32g474xx.o
EXTI3_IRQHandler                                  build/startup_stm32g474xx.o
EXTI4_IRQHandler                                  build/startup_stm32g474xx.o
EXTI9_5_IRQHandler                                build/startup_stm32g474xx.o
Error_Handler                                     build/main.o
                                                  build/usart.o
                                                  build/tim.o
                                                  build/dac.o
                                                  build/adc.o
FDCAN1_IT0_IRQHandler                             build/startup_stm32g474xx.o
FDCAN1_IT1_IRQHandler                             build/startup_stm32g474xx.o
FDCAN2_IT0_IRQHandler                             build/startup_stm32g474xx.o
FDCAN2_IT1_IRQHandler                             build/startup_stm32g474xx.o
FDCAN3_IT0_IRQHandler                             build/startup_stm32g474xx.o
FDCAN3_IT1_IRQHandler                             build/startup_stm32g474xx.o
FLASH_FlushCaches                                 build/stm32g4xx_hal_flash_ex.o
                                                  build/stm32g4xx_hal_flash.o
FLASH_IRQHandler                                  build/startup_stm32g474xx.o
FLASH_PageErase                                   build/stm32g4xx_hal_flash_ex.o
                                                  build/stm32g4xx_hal_flash.o
FLASH_WaitForLastOperation                        build/stm32g4xx_hal_flash.o
                                                  build/stm32g4xx_hal_flash_ex.o
FMAC_IRQHandler                                   build/startup_stm32g474xx.o
FMC_IRQHandler                                    build/startup_stm32g474xx.o
FPU_IRQHandler                                    build/startup_stm32g474xx.o
HAL_ADCEx_Calibration_GetValue                    build/stm32g4xx_hal_adc_ex.o
HAL_ADCEx_Calibration_SetValue                    build/stm32g4xx_hal_adc_ex.o
HAL_ADCEx_Calibration_Start                       build/stm32g4xx_hal_adc_ex.o
HAL_ADCEx_DisableInjectedQueue                    build/stm32g4xx_hal_adc_ex.o
HAL_ADCEx_DisableVoltageRegulator                 build/stm32g4xx_hal_adc_ex.o
HAL_ADCEx_EnableInjectedQueue                     build/stm32g4xx_hal_adc_ex.o
HAL_ADCEx_EndOfSamplingCallback                   build/stm32g4xx_hal_adc_ex.o
                                                  build/stm32g4xx_hal_adc.o
HAL_ADCEx_EnterADCDeepPowerDownMode               build/stm32g4xx_hal_adc_ex.o
HAL_ADCEx_InjectedConfigChannel                   build/stm32g4xx_hal_adc_ex.o
HAL_ADCEx_InjectedConvCpltCallback                build/stm32g4xx_hal_adc_ex.o
                                                  build/stm32g4xx_hal_adc.o
HAL_ADCEx_InjectedGetValue                        build/stm32g4xx_hal_adc_ex.o
HAL_ADCEx_InjectedPollForConversion               build/stm32g4xx_hal_adc_ex.o
HAL_ADCEx_InjectedQueueOverflowCallback           build/stm32g4xx_hal_adc_ex.o
                                                  build/stm32g4xx_hal_adc.o
HAL_ADCEx_InjectedStart                           build/stm32g4xx_hal_adc_ex.o
HAL_ADCEx_InjectedStart_IT                        build/stm32g4xx_hal_adc_ex.o
HAL_ADCEx_InjectedStop                            build/stm32g4xx_hal_adc_ex.o
HAL_ADCEx_InjectedStop_IT                         build/stm32g4xx_hal_adc_ex.o
HAL_ADCEx_LevelOutOfWindow2Callback               build/stm32g4xx_hal_adc_ex.o
                                                  build/stm32g4xx_hal_adc.o
HAL_ADCEx_LevelOutOfWindow3Callback               build/stm32g4xx_hal_adc_ex.o
                                                  build/stm32g4xx_hal_adc.o
HAL_ADCEx_MultiModeConfigChannel                  build/stm32g4xx_hal_adc_ex.o
                                                  build/adc.o
HAL_ADCEx_MultiModeGetValue                       build/stm32g4xx_hal_adc_ex.o
HAL_ADCEx_MultiModeStart_DMA                      build/stm32g4xx_hal_adc_ex.o
HAL_ADCEx_MultiModeStop_DMA                       build/stm32g4xx_hal_adc_ex.o
HAL_ADCEx_RegularMultiModeStop_DMA                build/stm32g4xx_hal_adc_ex.o
HAL_ADCEx_RegularStop                             build/stm32g4xx_hal_adc_ex.o
HAL_ADCEx_RegularStop_DMA                         build/stm32g4xx_hal_adc_ex.o
HAL_ADCEx_RegularStop_IT                          build/stm32g4xx_hal_adc_ex.o
HAL_ADC_AnalogWDGConfig                           build/stm32g4xx_hal_adc.o
HAL_ADC_ConfigChannel                             build/stm32g4xx_hal_adc.o
                                                  build/adc.o
HAL_ADC_ConvCpltCallback                          build/stm32g4xx_hal_adc.o
HAL_ADC_ConvHalfCpltCallback                      build/stm32g4xx_hal_adc.o
HAL_ADC_DeInit                                    build/stm32g4xx_hal_adc.o
HAL_ADC_ErrorCallback                             build/stm32g4xx_hal_adc.o
HAL_ADC_GetError                                  build/stm32g4xx_hal_adc.o
HAL_ADC_GetState                                  build/stm32g4xx_hal_adc.o
HAL_ADC_GetValue                                  build/stm32g4xx_hal_adc.o
HAL_ADC_IRQHandler                                build/stm32g4xx_hal_adc.o
HAL_ADC_Init                                      build/stm32g4xx_hal_adc.o
                                                  build/adc.o
HAL_ADC_LevelOutOfWindowCallback                  build/stm32g4xx_hal_adc.o
HAL_ADC_MspDeInit                                 build/adc.o
HAL_ADC_MspInit                                   build/adc.o
HAL_ADC_PollForConversion                         build/stm32g4xx_hal_adc.o
HAL_ADC_PollForEvent                              build/stm32g4xx_hal_adc.o
HAL_ADC_Start                                     build/stm32g4xx_hal_adc.o
HAL_ADC_StartSampling                             build/stm32g4xx_hal_adc.o
HAL_ADC_Start_DMA                                 build/stm32g4xx_hal_adc.o
HAL_ADC_Start_IT                                  build/stm32g4xx_hal_adc.o
HAL_ADC_Stop                                      build/stm32g4xx_hal_adc.o
HAL_ADC_StopSampling                              build/stm32g4xx_hal_adc.o
HAL_ADC_Stop_DMA                                  build/stm32g4xx_hal_adc.o
HAL_ADC_Stop_IT                                   build/stm32g4xx_hal_adc.o
HAL_DACEx_ConvCpltCallbackCh2                     build/stm32g4xx_hal_dac_ex.o
HAL_DACEx_ConvHalfCpltCallbackCh2                 build/stm32g4xx_hal_dac_ex.o
HAL_DACEx_DMAUnderrunCallbackCh2                  build/stm32g4xx_hal_dac_ex.o
                                                  build/stm32g4xx_hal_dac.o
HAL_DACEx_DualGetValue                            build/stm32g4xx_hal_dac_ex.o
HAL_DACEx_DualSetValue                            build/stm32g4xx_hal_dac_ex.o
HAL_DACEx_DualStart                               build/stm32g4xx_hal_dac_ex.o
HAL_DACEx_DualStart_DMA                           build/stm32g4xx_hal_dac_ex.o
HAL_DACEx_DualStop                                build/stm32g4xx_hal_dac_ex.o
HAL_DACEx_DualStop_DMA                            build/stm32g4xx_hal_dac_ex.o
HAL_DACEx_ErrorCallbackCh2                        build/stm32g4xx_hal_dac_ex.o
HAL_DACEx_GetTrimOffset                           build/stm32g4xx_hal_dac_ex.o
HAL_DACEx_NoiseWaveGenerate                       build/stm32g4xx_hal_dac_ex.o
HAL_DACEx_SawtoothWaveDataReset                   build/stm32g4xx_hal_dac_ex.o
HAL_DACEx_SawtoothWaveDataStep                    build/stm32g4xx_hal_dac_ex.o
HAL_DACEx_SawtoothWaveGenerate                    build/stm32g4xx_hal_dac_ex.o
HAL_DACEx_SelfCalibrate                           build/stm32g4xx_hal_dac_ex.o
HAL_DACEx_SetUserTrimming                         build/stm32g4xx_hal_dac_ex.o
HAL_DACEx_TriangleWaveGenerate                    build/stm32g4xx_hal_dac_ex.o
HAL_DAC_ConfigChannel                             build/stm32g4xx_hal_dac.o
                                                  build/dac.o
HAL_DAC_ConvCpltCallbackCh1                       build/stm32g4xx_hal_dac.o
HAL_DAC_ConvHalfCpltCallbackCh1                   build/stm32g4xx_hal_dac.o
HAL_DAC_DMAUnderrunCallbackCh1                    build/stm32g4xx_hal_dac.o
HAL_DAC_DeInit                                    build/stm32g4xx_hal_dac.o
HAL_DAC_ErrorCallbackCh1                          build/stm32g4xx_hal_dac.o
HAL_DAC_GetError                                  build/stm32g4xx_hal_dac.o
HAL_DAC_GetState                                  build/stm32g4xx_hal_dac.o
HAL_DAC_GetValue                                  build/stm32g4xx_hal_dac.o
HAL_DAC_IRQHandler                                build/stm32g4xx_hal_dac.o
HAL_DAC_Init                                      build/stm32g4xx_hal_dac.o
                                                  build/dac.o
HAL_DAC_MspDeInit                                 build/dac.o
HAL_DAC_MspInit                                   build/dac.o
HAL_DAC_SetValue                                  build/stm32g4xx_hal_dac.o
HAL_DAC_Start                                     build/stm32g4xx_hal_dac.o
HAL_DAC_Start_DMA                                 build/stm32g4xx_hal_dac.o
HAL_DAC_Stop                                      build/stm32g4xx_hal_dac.o
HAL_DAC_Stop_DMA                                  build/stm32g4xx_hal_dac.o
HAL_DBGMCU_DisableDBGSleepMode                    build/stm32g4xx_hal.o
HAL_DBGMCU_DisableDBGStandbyMode                  build/stm32g4xx_hal.o
HAL_DBGMCU_DisableDBGStopMode                     build/stm32g4xx_hal.o
HAL_DBGMCU_EnableDBGSleepMode                     build/stm32g4xx_hal.o
HAL_DBGMCU_EnableDBGStandbyMode                   build/stm32g4xx_hal.o
HAL_DBGMCU_EnableDBGStopMode                      build/stm32g4xx_hal.o
HAL_DMAEx_ConfigMuxRequestGenerator               build/stm32g4xx_hal_dma_ex.o
HAL_DMAEx_ConfigMuxSync                           build/stm32g4xx_hal_dma_ex.o
HAL_DMAEx_DisableMuxRequestGenerator              build/stm32g4xx_hal_dma_ex.o
HAL_DMAEx_EnableMuxRequestGenerator               build/stm32g4xx_hal_dma_ex.o
HAL_DMAEx_MUX_IRQHandler                          build/stm32g4xx_hal_dma_ex.o
HAL_DMA_Abort                                     build/stm32g4xx_hal_dma.o
                                                  build/stm32g4xx_hal_uart.o
                                                  build/stm32g4xx_hal_dac_ex.o
                                                  build/stm32g4xx_hal_dac.o
                                                  build/stm32g4xx_hal_adc_ex.o
                                                  build/stm32g4xx_hal_adc.o
HAL_DMA_Abort_IT                                  build/stm32g4xx_hal_dma.o
                                                  build/stm32g4xx_hal_uart.o
                                                  build/stm32g4xx_hal_tim_ex.o
                                                  build/stm32g4xx_hal_tim.o
HAL_DMA_DeInit                                    build/stm32g4xx_hal_dma.o
                                                  build/adc.o
HAL_DMA_GetError                                  build/stm32g4xx_hal_dma.o
                                                  build/stm32g4xx_hal_uart.o
HAL_DMA_GetState                                  build/stm32g4xx_hal_dma.o
HAL_DMA_IRQHandler                                build/stm32g4xx_hal_dma.o
                                                  build/stm32g4xx_it.o
HAL_DMA_Init                                      build/stm32g4xx_hal_dma.o
                                                  build/adc.o
HAL_DMA_PollForTransfer                           build/stm32g4xx_hal_dma.o
HAL_DMA_RegisterCallback                          build/stm32g4xx_hal_dma.o
HAL_DMA_Start                                     build/stm32g4xx_hal_dma.o
HAL_DMA_Start_IT                                  build/stm32g4xx_hal_dma.o
                                                  build/stm32g4xx_hal_uart.o
                                                  build/stm32g4xx_hal_tim_ex.o
                                                  build/stm32g4xx_hal_tim.o
                                                  build/stm32g4xx_hal_dac_ex.o
                                                  build/stm32g4xx_hal_dac.o
                                                  build/stm32g4xx_hal_adc_ex.o
                                                  build/stm32g4xx_hal_adc.o
HAL_DMA_UnRegisterCallback                        build/stm32g4xx_hal_dma.o
HAL_DeInit                                        build/stm32g4xx_hal.o
HAL_Delay                                         build/stm32g4xx_hal.o
                                                  build/stm32g4xx_hal_dac_ex.o
                                                  build/stm32g4xx_hal_dac.o
HAL_EXTI_ClearConfigLine                          build/stm32g4xx_hal_exti.o
HAL_EXTI_ClearPending                             build/stm32g4xx_hal_exti.o
HAL_EXTI_GenerateSWI                              build/stm32g4xx_hal_exti.o
HAL_EXTI_GetConfigLine                            build/stm32g4xx_hal_exti.o
HAL_EXTI_GetHandle                                build/stm32g4xx_hal_exti.o
HAL_EXTI_GetPending                               build/stm32g4xx_hal_exti.o
HAL_EXTI_IRQHandler                               build/stm32g4xx_hal_exti.o
HAL_EXTI_RegisterCallback                         build/stm32g4xx_hal_exti.o
HAL_EXTI_SetConfigLine                            build/stm32g4xx_hal_exti.o
HAL_FLASHEx_DisableDebugger                       build/stm32g4xx_hal_flash_ex.o
HAL_FLASHEx_DisableRunPowerDown                   build/stm32g4xx_hal_flash_ramfunc.o
HAL_FLASHEx_EnableDebugger                        build/stm32g4xx_hal_flash_ex.o
HAL_FLASHEx_EnableRunPowerDown                    build/stm32g4xx_hal_flash_ramfunc.o
HAL_FLASHEx_EnableSecMemProtection                build/stm32g4xx_hal_flash_ex.o
HAL_FLASHEx_Erase                                 build/stm32g4xx_hal_flash_ex.o
HAL_FLASHEx_Erase_IT                              build/stm32g4xx_hal_flash_ex.o
HAL_FLASHEx_OBGetConfig                           build/stm32g4xx_hal_flash_ex.o
HAL_FLASHEx_OBProgram                             build/stm32g4xx_hal_flash_ex.o
HAL_FLASHEx_OB_DBankConfig                        build/stm32g4xx_hal_flash_ramfunc.o
HAL_FLASH_EndOfOperationCallback                  build/stm32g4xx_hal_flash.o
HAL_FLASH_GetError                                build/stm32g4xx_hal_flash.o
HAL_FLASH_IRQHandler                              build/stm32g4xx_hal_flash.o
HAL_FLASH_Lock                                    build/stm32g4xx_hal_flash.o
HAL_FLASH_OB_Launch                               build/stm32g4xx_hal_flash.o
HAL_FLASH_OB_Lock                                 build/stm32g4xx_hal_flash.o
HAL_FLASH_OB_Unlock                               build/stm32g4xx_hal_flash.o
HAL_FLASH_OperationErrorCallback                  build/stm32g4xx_hal_flash.o
HAL_FLASH_Program                                 build/stm32g4xx_hal_flash.o
HAL_FLASH_Program_IT                              build/stm32g4xx_hal_flash.o
HAL_FLASH_Unlock                                  build/stm32g4xx_hal_flash.o
HAL_GPIO_DeInit                                   build/stm32g4xx_hal_gpio.o
                                                  build/usart.o
                                                  build/dac.o
                                                  build/adc.o
HAL_GPIO_EXTI_Callback                            build/stm32g4xx_hal_gpio.o
HAL_GPIO_EXTI_IRQHandler                          build/stm32g4xx_hal_gpio.o
                                                  build/stm32g4xx_it.o
HAL_GPIO_Init                                     build/stm32g4xx_hal_gpio.o
                                                  build/stm32g4xx_hal_rcc_ex.o
                                                  build/stm32g4xx_hal_rcc.o
                                                  build/usart.o
                                                  build/dac.o
                                                  build/adc.o
                                                  build/gpio.o
HAL_GPIO_LockPin                                  build/stm32g4xx_hal_gpio.o
HAL_GPIO_ReadPin                                  build/stm32g4xx_hal_gpio.o
HAL_GPIO_TogglePin                                build/stm32g4xx_hal_gpio.o
HAL_GPIO_WritePin                                 build/stm32g4xx_hal_gpio.o
                                                  build/gpio.o
HAL_GetDEVID                                      build/stm32g4xx_hal.o
HAL_GetHalVersion                                 build/stm32g4xx_hal.o
HAL_GetREVID                                      build/stm32g4xx_hal.o
HAL_GetTick                                       build/stm32g4xx_hal.o
                                                  build/stm32g4xx_hal_dma.o
                                                  build/stm32g4xx_hal_flash.o
                                                  build/stm32g4xx_hal_rcc_ex.o
                                                  build/stm32g4xx_hal_rcc.o
                                                  build/stm32g4xx_hal_uart_ex.o
                                                  build/stm32g4xx_hal_uart.o
                                                  build/stm32g4xx_hal_tim_ex.o
                                                  build/stm32g4xx_hal_dac.o
                                                  build/stm32g4xx_hal_adc_ex.o
                                                  build/stm32g4xx_hal_adc.o
HAL_GetTickFreq                                   build/stm32g4xx_hal.o
HAL_GetTickPrio                                   build/stm32g4xx_hal.o
HAL_HalfDuplex_EnableReceiver                     build/stm32g4xx_hal_uart.o
HAL_HalfDuplex_EnableTransmitter                  build/stm32g4xx_hal_uart.o
HAL_HalfDuplex_Init                               build/stm32g4xx_hal_uart.o
HAL_IncTick                                       build/stm32g4xx_hal.o
                                                  build/stm32g4xx_it.o
HAL_Init                                          build/stm32g4xx_hal.o
                                                  build/main.o
HAL_InitTick                                      build/stm32g4xx_hal.o
                                                  build/stm32g4xx_hal_rcc.o
HAL_LIN_Init                                      build/stm32g4xx_hal_uart.o
HAL_LIN_SendBreak                                 build/stm32g4xx_hal_uart.o
HAL_MPU_ConfigRegion                              build/stm32g4xx_hal_cortex.o
HAL_MPU_Disable                                   build/stm32g4xx_hal_cortex.o
HAL_MPU_Enable                                    build/stm32g4xx_hal_cortex.o
HAL_MspDeInit                                     build/stm32g4xx_hal.o
HAL_MspInit                                       build/stm32g4xx_hal_msp.o
HAL_MultiProcessorEx_AddressLength_Set            build/stm32g4xx_hal_uart_ex.o
HAL_MultiProcessor_DisableMuteMode                build/stm32g4xx_hal_uart.o
HAL_MultiProcessor_EnableMuteMode                 build/stm32g4xx_hal_uart.o
HAL_MultiProcessor_EnterMuteMode                  build/stm32g4xx_hal_uart.o
HAL_MultiProcessor_Init                           build/stm32g4xx_hal_uart.o
HAL_NVIC_ClearPendingIRQ                          build/stm32g4xx_hal_cortex.o
HAL_NVIC_DisableIRQ                               build/stm32g4xx_hal_cortex.o
HAL_NVIC_EnableIRQ                                build/stm32g4xx_hal_cortex.o
                                                  build/dma.o
                                                  build/gpio.o
HAL_NVIC_GetActive                                build/stm32g4xx_hal_cortex.o
HAL_NVIC_GetPendingIRQ                            build/stm32g4xx_hal_cortex.o
HAL_NVIC_GetPriority                              build/stm32g4xx_hal_cortex.o
HAL_NVIC_GetPriorityGrouping                      build/stm32g4xx_hal_cortex.o
HAL_NVIC_SetPendingIRQ                            build/stm32g4xx_hal_cortex.o
HAL_NVIC_SetPriority                              build/stm32g4xx_hal_cortex.o
                                                  build/stm32g4xx_hal.o
                                                  build/dma.o
                                                  build/gpio.o
HAL_NVIC_SetPriorityGrouping                      build/stm32g4xx_hal_cortex.o
                                                  build/stm32g4xx_hal.o
HAL_NVIC_SystemReset                              build/stm32g4xx_hal_cortex.o
HAL_PWREx_ConfigPVM                               build/stm32g4xx_hal_pwr_ex.o
HAL_PWREx_ControlVoltageScaling                   build/stm32g4xx_hal_pwr_ex.o
                                                  build/main.o
HAL_PWREx_DisableBatteryCharging                  build/stm32g4xx_hal_pwr_ex.o
HAL_PWREx_DisableGPIOPullDown                     build/stm32g4xx_hal_pwr_ex.o
HAL_PWREx_DisableGPIOPullUp                       build/stm32g4xx_hal_pwr_ex.o
HAL_PWREx_DisableInternalWakeUpLine               build/stm32g4xx_hal_pwr_ex.o
HAL_PWREx_DisableLowPowerRunMode                  build/stm32g4xx_hal_pwr_ex.o
                                                  build/stm32g4xx_hal_pwr.o
HAL_PWREx_DisablePVM1                             build/stm32g4xx_hal_pwr_ex.o
HAL_PWREx_DisablePVM2                             build/stm32g4xx_hal_pwr_ex.o
HAL_PWREx_DisablePVM3                             build/stm32g4xx_hal_pwr_ex.o
HAL_PWREx_DisablePVM4                             build/stm32g4xx_hal_pwr_ex.o
HAL_PWREx_DisablePullUpPullDownConfig             build/stm32g4xx_hal_pwr_ex.o
HAL_PWREx_DisableSRAM2ContentRetention            build/stm32g4xx_hal_pwr_ex.o
HAL_PWREx_DisableUSBDeadBatteryPD                 build/stm32g4xx_hal_pwr_ex.o
HAL_PWREx_DisableUSBStandByModePD                 build/stm32g4xx_hal_pwr_ex.o
HAL_PWREx_EnableBatteryCharging                   build/stm32g4xx_hal_pwr_ex.o
HAL_PWREx_EnableGPIOPullDown                      build/stm32g4xx_hal_pwr_ex.o
HAL_PWREx_EnableGPIOPullUp                        build/stm32g4xx_hal_pwr_ex.o
HAL_PWREx_EnableInternalWakeUpLine                build/stm32g4xx_hal_pwr_ex.o
HAL_PWREx_EnableLowPowerRunMode                   build/stm32g4xx_hal_pwr_ex.o
                                                  build/stm32g4xx_hal_pwr.o
HAL_PWREx_EnablePVM1                              build/stm32g4xx_hal_pwr_ex.o
HAL_PWREx_EnablePVM2                              build/stm32g4xx_hal_pwr_ex.o
HAL_PWREx_EnablePVM3                              build/stm32g4xx_hal_pwr_ex.o
HAL_PWREx_EnablePVM4                              build/stm32g4xx_hal_pwr_ex.o
HAL_PWREx_EnablePullUpPullDownConfig              build/stm32g4xx_hal_pwr_ex.o
HAL_PWREx_EnableSRAM2ContentRetention             build/stm32g4xx_hal_pwr_ex.o
HAL_PWREx_EnableUSBDeadBatteryPD                  build/stm32g4xx_hal_pwr_ex.o
HAL_PWREx_EnableUSBStandByModePD                  build/stm32g4xx_hal_pwr_ex.o
HAL_PWREx_EnterSHUTDOWNMode                       build/stm32g4xx_hal_pwr_ex.o
HAL_PWREx_EnterSTOP0Mode                          build/stm32g4xx_hal_pwr_ex.o
                                                  build/stm32g4xx_hal_pwr.o
HAL_PWREx_EnterSTOP1Mode                          build/stm32g4xx_hal_pwr_ex.o
                                                  build/stm32g4xx_hal_pwr.o
HAL_PWREx_GetVoltageRange                         build/stm32g4xx_hal_pwr_ex.o
HAL_PWREx_PVD_PVM_IRQHandler                      build/stm32g4xx_hal_pwr_ex.o
HAL_PWREx_PVM1Callback                            build/stm32g4xx_hal_pwr_ex.o
HAL_PWREx_PVM2Callback                            build/stm32g4xx_hal_pwr_ex.o
HAL_PWREx_PVM3Callback                            build/stm32g4xx_hal_pwr_ex.o
HAL_PWREx_PVM4Callback                            build/stm32g4xx_hal_pwr_ex.o
HAL_PWR_ConfigPVD                                 build/stm32g4xx_hal_pwr.o
HAL_PWR_DeInit                                    build/stm32g4xx_hal_pwr.o
HAL_PWR_DisableBkUpAccess                         build/stm32g4xx_hal_pwr.o
                                                  build/stm32g4xx_hal_rcc_ex.o
HAL_PWR_DisablePVD                                build/stm32g4xx_hal_pwr.o
HAL_PWR_DisableSEVOnPend                          build/stm32g4xx_hal_pwr.o
HAL_PWR_DisableSleepOnExit                        build/stm32g4xx_hal_pwr.o
HAL_PWR_DisableWakeUpPin                          build/stm32g4xx_hal_pwr.o
HAL_PWR_EnableBkUpAccess                          build/stm32g4xx_hal_pwr.o
                                                  build/stm32g4xx_hal_rcc_ex.o
HAL_PWR_EnablePVD                                 build/stm32g4xx_hal_pwr.o
HAL_PWR_EnableSEVOnPend                           build/stm32g4xx_hal_pwr.o
HAL_PWR_EnableSleepOnExit                         build/stm32g4xx_hal_pwr.o
HAL_PWR_EnableWakeUpPin                           build/stm32g4xx_hal_pwr.o
HAL_PWR_EnterSLEEPMode                            build/stm32g4xx_hal_pwr.o
HAL_PWR_EnterSTANDBYMode                          build/stm32g4xx_hal_pwr.o
HAL_PWR_EnterSTOPMode                             build/stm32g4xx_hal_pwr.o
HAL_PWR_PVDCallback                               build/stm32g4xx_hal_pwr.o
                                                  build/stm32g4xx_hal_pwr_ex.o
HAL_RCCEx_CRSConfig                               build/stm32g4xx_hal_rcc_ex.o
HAL_RCCEx_CRSGetSynchronizationInfo               build/stm32g4xx_hal_rcc_ex.o
HAL_RCCEx_CRSSoftwareSynchronizationGenerate      build/stm32g4xx_hal_rcc_ex.o
HAL_RCCEx_CRSWaitSynchronization                  build/stm32g4xx_hal_rcc_ex.o
HAL_RCCEx_CRS_ErrorCallback                       build/stm32g4xx_hal_rcc_ex.o
HAL_RCCEx_CRS_ExpectedSyncCallback                build/stm32g4xx_hal_rcc_ex.o
HAL_RCCEx_CRS_IRQHandler                          build/stm32g4xx_hal_rcc_ex.o
HAL_RCCEx_CRS_SyncOkCallback                      build/stm32g4xx_hal_rcc_ex.o
HAL_RCCEx_CRS_SyncWarnCallback                    build/stm32g4xx_hal_rcc_ex.o
HAL_RCCEx_DisableLSCO                             build/stm32g4xx_hal_rcc_ex.o
HAL_RCCEx_DisableLSECSS                           build/stm32g4xx_hal_rcc_ex.o
HAL_RCCEx_EnableLSCO                              build/stm32g4xx_hal_rcc_ex.o
HAL_RCCEx_EnableLSECSS                            build/stm32g4xx_hal_rcc_ex.o
HAL_RCCEx_EnableLSECSS_IT                         build/stm32g4xx_hal_rcc_ex.o
HAL_RCCEx_GetPeriphCLKConfig                      build/stm32g4xx_hal_rcc_ex.o
HAL_RCCEx_GetPeriphCLKFreq                        build/stm32g4xx_hal_rcc_ex.o
HAL_RCCEx_LSECSS_Callback                         build/stm32g4xx_hal_rcc_ex.o
HAL_RCCEx_LSECSS_IRQHandler                       build/stm32g4xx_hal_rcc_ex.o
HAL_RCCEx_PeriphCLKConfig                         build/stm32g4xx_hal_rcc_ex.o
                                                  build/main.o
HAL_RCC_CSSCallback                               build/stm32g4xx_hal_rcc.o
HAL_RCC_ClockConfig                               build/stm32g4xx_hal_rcc.o
                                                  build/main.o
HAL_RCC_DeInit                                    build/stm32g4xx_hal_rcc.o
HAL_RCC_DisableLSECSS                             build/stm32g4xx_hal_rcc.o
HAL_RCC_EnableCSS                                 build/stm32g4xx_hal_rcc.o
HAL_RCC_EnableLSECSS                              build/stm32g4xx_hal_rcc.o
HAL_RCC_GetClockConfig                            build/stm32g4xx_hal_rcc.o
HAL_RCC_GetHCLKFreq                               build/stm32g4xx_hal_rcc.o
                                                  build/stm32g4xx_hal_dac.o
HAL_RCC_GetOscConfig                              build/stm32g4xx_hal_rcc.o
HAL_RCC_GetPCLK1Freq                              build/stm32g4xx_hal_rcc.o
                                                  build/stm32g4xx_hal_rcc_ex.o
                                                  build/stm32g4xx_hal_uart.o
HAL_RCC_GetPCLK2Freq                              build/stm32g4xx_hal_rcc.o
                                                  build/stm32g4xx_hal_rcc_ex.o
                                                  build/stm32g4xx_hal_uart.o
HAL_RCC_GetSysClockFreq                           build/stm32g4xx_hal_rcc.o
                                                  build/stm32g4xx_hal_rcc_ex.o
                                                  build/stm32g4xx_hal_uart.o
HAL_RCC_MCOConfig                                 build/stm32g4xx_hal_rcc.o
HAL_RCC_NMI_IRQHandler                            build/stm32g4xx_hal_rcc.o
HAL_RCC_OscConfig                                 build/stm32g4xx_hal_rcc.o
                                                  build/main.o
HAL_RS485Ex_Init                                  build/stm32g4xx_hal_uart_ex.o
HAL_ResumeTick                                    build/stm32g4xx_hal.o
HAL_SYSCFG_CCMSRAMErase                           build/stm32g4xx_hal.o
HAL_SYSCFG_CCMSRAM_WriteProtectionEnable          build/stm32g4xx_hal.o
HAL_SYSCFG_DisableIOSwitchBooster                 build/stm32g4xx_hal.o
HAL_SYSCFG_DisableIOSwitchVDD                     build/stm32g4xx_hal.o
HAL_SYSCFG_DisableMemorySwappingBank              build/stm32g4xx_hal.o
HAL_SYSCFG_DisableVREFBUF                         build/stm32g4xx_hal.o
HAL_SYSCFG_EnableIOSwitchBooster                  build/stm32g4xx_hal.o
HAL_SYSCFG_EnableIOSwitchVDD                      build/stm32g4xx_hal.o
HAL_SYSCFG_EnableMemorySwappingBank               build/stm32g4xx_hal.o
HAL_SYSCFG_EnableVREFBUF                          build/stm32g4xx_hal.o
HAL_SYSCFG_VREFBUF_HighImpedanceConfig            build/stm32g4xx_hal.o
HAL_SYSCFG_VREFBUF_TrimmingConfig                 build/stm32g4xx_hal.o
HAL_SYSCFG_VREFBUF_VoltageScalingConfig           build/stm32g4xx_hal.o
HAL_SYSTICK_CLKSourceConfig                       build/stm32g4xx_hal_cortex.o
HAL_SYSTICK_Callback                              build/stm32g4xx_hal_cortex.o
HAL_SYSTICK_Config                                build/stm32g4xx_hal_cortex.o
                                                  build/stm32g4xx_hal.o
HAL_SYSTICK_IRQHandler                            build/stm32g4xx_hal_cortex.o
HAL_SetTickFreq                                   build/stm32g4xx_hal.o
HAL_SuspendTick                                   build/stm32g4xx_hal.o
HAL_TIMEx_Break2Callback                          build/stm32g4xx_hal_tim_ex.o
                                                  build/stm32g4xx_hal_tim.o
HAL_TIMEx_BreakCallback                           build/stm32g4xx_hal_tim_ex.o
                                                  build/stm32g4xx_hal_tim.o
HAL_TIMEx_CommutCallback                          build/stm32g4xx_hal_tim_ex.o
                                                  build/stm32g4xx_hal_tim.o
HAL_TIMEx_CommutHalfCpltCallback                  build/stm32g4xx_hal_tim_ex.o
HAL_TIMEx_ConfigAsymmetricalDeadTime              build/stm32g4xx_hal_tim_ex.o
HAL_TIMEx_ConfigBreakDeadTime                     build/stm32g4xx_hal_tim_ex.o
HAL_TIMEx_ConfigBreakInput                        build/stm32g4xx_hal_tim_ex.o
HAL_TIMEx_ConfigCommutEvent                       build/stm32g4xx_hal_tim_ex.o
HAL_TIMEx_ConfigCommutEvent_DMA                   build/stm32g4xx_hal_tim_ex.o
HAL_TIMEx_ConfigCommutEvent_IT                    build/stm32g4xx_hal_tim_ex.o
HAL_TIMEx_ConfigDeadTime                          build/stm32g4xx_hal_tim_ex.o
HAL_TIMEx_ConfigEncoderIndex                      build/stm32g4xx_hal_tim_ex.o
HAL_TIMEx_ConfigSlaveModePreload                  build/stm32g4xx_hal_tim_ex.o
HAL_TIMEx_DirectionChangeCallback                 build/stm32g4xx_hal_tim_ex.o
                                                  build/stm32g4xx_hal_tim.o
HAL_TIMEx_DisableAsymmetricalDeadTime             build/stm32g4xx_hal_tim_ex.o
HAL_TIMEx_DisableDeadTimePreload                  build/stm32g4xx_hal_tim_ex.o
HAL_TIMEx_DisableEncoderFirstIndex                build/stm32g4xx_hal_tim_ex.o
HAL_TIMEx_DisableEncoderIndex                     build/stm32g4xx_hal_tim_ex.o
HAL_TIMEx_DisableSlaveModePreload                 build/stm32g4xx_hal_tim_ex.o
HAL_TIMEx_DisarmBreakInput                        build/stm32g4xx_hal_tim_ex.o
HAL_TIMEx_DitheringDisable                        build/stm32g4xx_hal_tim_ex.o
HAL_TIMEx_DitheringEnable                         build/stm32g4xx_hal_tim_ex.o
HAL_TIMEx_EnableAsymmetricalDeadTime              build/stm32g4xx_hal_tim_ex.o
HAL_TIMEx_EnableDeadTimePreload                   build/stm32g4xx_hal_tim_ex.o
HAL_TIMEx_EnableEncoderFirstIndex                 build/stm32g4xx_hal_tim_ex.o
HAL_TIMEx_EnableEncoderIndex                      build/stm32g4xx_hal_tim_ex.o
HAL_TIMEx_EnableSlaveModePreload                  build/stm32g4xx_hal_tim_ex.o
HAL_TIMEx_EncoderIndexCallback                    build/stm32g4xx_hal_tim_ex.o
                                                  build/stm32g4xx_hal_tim.o
HAL_TIMEx_GroupChannel5                           build/stm32g4xx_hal_tim_ex.o
HAL_TIMEx_HallSensor_DeInit                       build/stm32g4xx_hal_tim_ex.o
HAL_TIMEx_HallSensor_GetState                     build/stm32g4xx_hal_tim_ex.o
HAL_TIMEx_HallSensor_Init                         build/stm32g4xx_hal_tim_ex.o
HAL_TIMEx_HallSensor_MspDeInit                    build/stm32g4xx_hal_tim_ex.o
HAL_TIMEx_HallSensor_MspInit                      build/stm32g4xx_hal_tim_ex.o
HAL_TIMEx_HallSensor_Start                        build/stm32g4xx_hal_tim_ex.o
HAL_TIMEx_HallSensor_Start_DMA                    build/stm32g4xx_hal_tim_ex.o
HAL_TIMEx_HallSensor_Start_IT                     build/stm32g4xx_hal_tim_ex.o
HAL_TIMEx_HallSensor_Stop                         build/stm32g4xx_hal_tim_ex.o
HAL_TIMEx_HallSensor_Stop_DMA                     build/stm32g4xx_hal_tim_ex.o
HAL_TIMEx_HallSensor_Stop_IT                      build/stm32g4xx_hal_tim_ex.o
HAL_TIMEx_IndexErrorCallback                      build/stm32g4xx_hal_tim_ex.o
                                                  build/stm32g4xx_hal_tim.o
HAL_TIMEx_MasterConfigSynchronization             build/stm32g4xx_hal_tim_ex.o
                                                  build/tim.o
HAL_TIMEx_OCN_Start                               build/stm32g4xx_hal_tim_ex.o
HAL_TIMEx_OCN_Start_DMA                           build/stm32g4xx_hal_tim_ex.o
HAL_TIMEx_OCN_Start_IT                            build/stm32g4xx_hal_tim_ex.o
HAL_TIMEx_OCN_Stop                                build/stm32g4xx_hal_tim_ex.o
HAL_TIMEx_OCN_Stop_DMA                            build/stm32g4xx_hal_tim_ex.o
HAL_TIMEx_OCN_Stop_IT                             build/stm32g4xx_hal_tim_ex.o
HAL_TIMEx_OC_ConfigPulseOnCompare                 build/stm32g4xx_hal_tim_ex.o
HAL_TIMEx_OnePulseN_Start                         build/stm32g4xx_hal_tim_ex.o
HAL_TIMEx_OnePulseN_Start_IT                      build/stm32g4xx_hal_tim_ex.o
HAL_TIMEx_OnePulseN_Stop                          build/stm32g4xx_hal_tim_ex.o
HAL_TIMEx_OnePulseN_Stop_IT                       build/stm32g4xx_hal_tim_ex.o
HAL_TIMEx_PWMN_Start                              build/stm32g4xx_hal_tim_ex.o
HAL_TIMEx_PWMN_Start_DMA                          build/stm32g4xx_hal_tim_ex.o
HAL_TIMEx_PWMN_Start_IT                           build/stm32g4xx_hal_tim_ex.o
HAL_TIMEx_PWMN_Stop                               build/stm32g4xx_hal_tim_ex.o
HAL_TIMEx_PWMN_Stop_DMA                           build/stm32g4xx_hal_tim_ex.o
HAL_TIMEx_PWMN_Stop_IT                            build/stm32g4xx_hal_tim_ex.o
HAL_TIMEx_ReArmBreakInput                         build/stm32g4xx_hal_tim_ex.o
HAL_TIMEx_RemapConfig                             build/stm32g4xx_hal_tim_ex.o
HAL_TIMEx_TISelection                             build/stm32g4xx_hal_tim_ex.o
HAL_TIMEx_TransitionErrorCallback                 build/stm32g4xx_hal_tim_ex.o
                                                  build/stm32g4xx_hal_tim.o
HAL_TIM_Base_DeInit                               build/stm32g4xx_hal_tim.o
HAL_TIM_Base_GetState                             build/stm32g4xx_hal_tim.o
HAL_TIM_Base_Init                                 build/stm32g4xx_hal_tim.o
                                                  build/tim.o
HAL_TIM_Base_MspDeInit                            build/tim.o
HAL_TIM_Base_MspInit                              build/tim.o
HAL_TIM_Base_Start                                build/stm32g4xx_hal_tim.o
HAL_TIM_Base_Start_DMA                            build/stm32g4xx_hal_tim.o
HAL_TIM_Base_Start_IT                             build/stm32g4xx_hal_tim.o
HAL_TIM_Base_Stop                                 build/stm32g4xx_hal_tim.o
HAL_TIM_Base_Stop_DMA                             build/stm32g4xx_hal_tim.o
HAL_TIM_Base_Stop_IT                              build/stm32g4xx_hal_tim.o
HAL_TIM_ConfigClockSource                         build/stm32g4xx_hal_tim.o
HAL_TIM_ConfigOCrefClear                          build/stm32g4xx_hal_tim.o
HAL_TIM_ConfigTI1Input                            build/stm32g4xx_hal_tim.o
HAL_TIM_DMABurst_MultiReadStart                   build/stm32g4xx_hal_tim.o
HAL_TIM_DMABurst_MultiWriteStart                  build/stm32g4xx_hal_tim.o